Archive member included to satisfy reference by file (symbol)

/opt/riscv32/lib/gcc/riscv32-unknown-elf/15.1.0/../../../../riscv32-unknown-elf/lib/libstdc++.a(del_ops.o)
                              build/main.o (symbol from plugin) (operator delete(void*, unsigned int))
/opt/riscv32/lib/gcc/riscv32-unknown-elf/15.1.0/../../../../riscv32-unknown-elf/lib/libstdc++.a(del_opv.o)
                              build/inc/edge-impulse-sdk/tensorflow/lite/micro/test_helpers.o (symbol from plugin) (operator delete[](void*))
/opt/riscv32/lib/gcc/riscv32-unknown-elf/15.1.0/../../../../riscv32-unknown-elf/lib/libstdc++.a(del_opvs.o)
                              build/main.o (symbol from plugin) (operator delete[](void*, unsigned int))
/opt/riscv32/lib/gcc/riscv32-unknown-elf/15.1.0/../../../../riscv32-unknown-elf/lib/libstdc++.a(guard.o)
                              build/main.o (symbol from plugin) (__cxa_guard_acquire)
/opt/riscv32/lib/gcc/riscv32-unknown-elf/15.1.0/../../../../riscv32-unknown-elf/lib/libstdc++.a(guard_error.o)
                              /opt/riscv32/lib/gcc/riscv32-unknown-elf/15.1.0/../../../../riscv32-unknown-elf/lib/libstdc++.a(guard.o) (__gnu_cxx::recursive_init_error::~recursive_init_error())
/opt/riscv32/lib/gcc/riscv32-unknown-elf/15.1.0/../../../../riscv32-unknown-elf/lib/libstdc++.a(new_op.o)
                              build/main.o (symbol from plugin) (operator new(unsigned int))
/opt/riscv32/lib/gcc/riscv32-unknown-elf/15.1.0/../../../../riscv32-unknown-elf/lib/libstdc++.a(new_opv.o)
                              build/main.o (symbol from plugin) (operator new[](unsigned int))
/opt/riscv32/lib/gcc/riscv32-unknown-elf/15.1.0/../../../../riscv32-unknown-elf/lib/libstdc++.a(si_class_type_info.o)
                              /opt/riscv32/lib/gcc/riscv32-unknown-elf/15.1.0/../../../../riscv32-unknown-elf/lib/libstdc++.a(guard_error.o) (vtable for __cxxabiv1::__si_class_type_info)
/opt/riscv32/lib/gcc/riscv32-unknown-elf/15.1.0/../../../../riscv32-unknown-elf/lib/libstdc++.a(tinfo.o)
                              /opt/riscv32/lib/gcc/riscv32-unknown-elf/15.1.0/../../../../riscv32-unknown-elf/lib/libstdc++.a(si_class_type_info.o) (std::type_info::__is_pointer_p() const)
/opt/riscv32/lib/gcc/riscv32-unknown-elf/15.1.0/../../../../riscv32-unknown-elf/lib/libstdc++.a(functexcept.o)
                              build/main.o (symbol from plugin) (std::__throw_bad_alloc())
/opt/riscv32/lib/gcc/riscv32-unknown-elf/15.1.0/../../../../riscv32-unknown-elf/lib/libstdc++.a(functional.o)
                              build/main.o (symbol from plugin) (std::__throw_bad_function_call())
/opt/riscv32/lib/gcc/riscv32-unknown-elf/15.1.0/../../../../riscv32-unknown-elf/lib/libstdc++.a(snprintf_lite.o)
                              /opt/riscv32/lib/gcc/riscv32-unknown-elf/15.1.0/../../../../riscv32-unknown-elf/lib/libstdc++.a(functexcept.o) (__gnu_cxx::__snprintf_lite(char*, unsigned int, char const*, void*))
/opt/riscv32/lib/gcc/riscv32-unknown-elf/15.1.0/../../../../riscv32-unknown-elf/lib/libstdc++.a(string-inst.o)
                              build/inc/edge-impulse-sdk/tensorflow/lite/kernels/kernel_util_lite.o (symbol from plugin) (std::__cxx11::basic_string<char, std::char_traits<char>, std::allocator<char> >::_M_create(unsigned int&, unsigned int))
/opt/riscv32/lib/gcc/riscv32-unknown-elf/15.1.0/../../../../riscv32-unknown-elf/lib/libstdc++.a(bad_alloc.o)
                              /opt/riscv32/lib/gcc/riscv32-unknown-elf/15.1.0/../../../../riscv32-unknown-elf/lib/libstdc++.a(new_op.o) (vtable for std::bad_alloc)
/opt/riscv32/lib/gcc/riscv32-unknown-elf/15.1.0/../../../../riscv32-unknown-elf/lib/libstdc++.a(bad_array_new.o)
                              /opt/riscv32/lib/gcc/riscv32-unknown-elf/15.1.0/../../../../riscv32-unknown-elf/lib/libstdc++.a(functexcept.o) (vtable for std::bad_array_new_length)
/opt/riscv32/lib/gcc/riscv32-unknown-elf/15.1.0/../../../../riscv32-unknown-elf/lib/libstdc++.a(bad_cast.o)
                              /opt/riscv32/lib/gcc/riscv32-unknown-elf/15.1.0/../../../../riscv32-unknown-elf/lib/libstdc++.a(functexcept.o) (vtable for std::bad_cast)
/opt/riscv32/lib/gcc/riscv32-unknown-elf/15.1.0/../../../../riscv32-unknown-elf/lib/libstdc++.a(bad_typeid.o)
                              /opt/riscv32/lib/gcc/riscv32-unknown-elf/15.1.0/../../../../riscv32-unknown-elf/lib/libstdc++.a(functexcept.o) (vtable for std::bad_typeid)
/opt/riscv32/lib/gcc/riscv32-unknown-elf/15.1.0/../../../../riscv32-unknown-elf/lib/libstdc++.a(class_type_info.o)
                              /opt/riscv32/lib/gcc/riscv32-unknown-elf/15.1.0/../../../../riscv32-unknown-elf/lib/libstdc++.a(si_class_type_info.o) (__cxxabiv1::__class_type_info::__do_upcast(__cxxabiv1::__class_type_info const*, void**) const)
/opt/riscv32/lib/gcc/riscv32-unknown-elf/15.1.0/../../../../riscv32-unknown-elf/lib/libstdc++.a(del_op.o)
[...]
Memory Configuration

Name             Origin             Length             Attributes
instr_mem        0x00000000         0x0002ec00         xr
flash            0x10000000         0x00002800         xr
data_mem         0x20000000         0x0001e000         rw
*default*        0x00000000         0xffffffff

Linker script and memory map


.text           0x00000000    0x2e798
 *(.text.start)
 *(.text*)
 .text          0x00000000       0x58 build/./start.o
                0x00000000                _start
 .text          0x00000058    0x11d34 /tmp/ccP8G8tw.ltrans0.ltrans.o
                0x000003c6                tflite_learn_863014_3_input(int, TfLiteTensor*)
                0x00000432                tflite_learn_863014_3_output(int, TfLiteTensor*)
                0x0000049e                tflite_learn_863014_3_invoke()
                0x0000073a                tflite_learn_863014_3_reset(void (*)(void*))
                0x00000866                (anonymous namespace)::extract_image_features(ei::ei_signal_t*, ei::ei_matrix*, void*, float) [clone .lto_priv.0]
                0x00001966                process_fomo_i8(ei_impulse_handle_t*, unsigned long, unsigned long, ei_impulse_result_t*, void*, void*) [clone .lto_priv.0]
                0x00003722                run_nn_inference(ei_impulse const*, ei_feature_t*, unsigned long, unsigned long*, unsigned long, ei_impulse_result_t*, void*, bool)
                0x00004a0e                tflite_learn_863014_3_init(void* (*)(unsigned int, unsigned int))
                0x00005122                tflite::(anonymous namespace)::Init(TfLiteContext*, char const*, unsigned int) [clone .lto_priv.0] [clone .lto_priv.0]
                0x00011202                _sbrk
                0x0001124c                _write
                0x000112f0                _exit
                0x000112f4                tflite::PopulateConvolutionQuantizationParams(TfLiteContext*, TfLiteTensor const*, TfLiteTensor const*, TfLiteTensor const*, TfLiteTensor*, TfLiteFusedActivation const&, long*, int*, long*, long*, long*, long*, int)
                0x00011d04                void std::__cxx11::basic_string<char, std::char_traits<char>, std::allocator<char> >::_M_construct<char const*>(char const*, char const*, std::forward_iterator_tag)
 .text.startup  0x00011d8c     0x2d58 /tmp/ccP8G8tw.ltrans0.ltrans.o
                0x00011d8c                main
 .text.exit     0x00014ae4       0x70 /tmp/ccP8G8tw.ltrans0.ltrans.o
 .text          0x00014b54     0x3e48 /tmp/ccP8G8tw.ltrans1.ltrans.o
                0x00014b54                tflite::MicroContext::AllocateTempOutputTensor(TfLiteNode const*, int)
                0x00014b7c                tflite::MicroContext::AllocateTempInputTensor(TfLiteNode const*, int)
                0x00014ba4                tflite::MicroContext::AllocatePersistentBuffer(unsigned int)
                0x00014bae                tflite::MicroContext::RequestScratchBufferInArena(unsigned int, int*)
                0x00014d44                tflite::MicroContext::GetScratchBuffer(int)
                0x00014d52                tflite::MicroContext::AllocateTempTfLiteTensor(int)
                0x00014d6a                tflite::MicroContext::AllocateTempIntermediateTensor(TfLiteNode const*, int)
                0x00014d92                tflite::MicroContext::DeallocateTempTfLiteTensor(TfLiteTensor*)
                0x00014d9c                tflite::MicroContext::GetEvalTensor(int)
                0x00014dc0                tflite::PadPrepare(TfLiteContext*, TfLiteNode*)
                0x00015a4a                tflite::(anonymous namespace)::Init(TfLiteContext*, char const*, unsigned int) [clone .lto_priv.2] [clone .lto_priv.0]
                0x00015a5c                tflite::SoftmaxInit(TfLiteContext*, char const*, unsigned int)
                0x00015a6e                tflite::SoftmaxPrepare(TfLiteContext*, TfLiteNode*)
                0x0001603a                tflite::ConvPrepare(TfLiteContext*, TfLiteNode*)
                0x000167f8                tflite::DepthwiseConvPrepare(TfLiteContext*, TfLiteNode*)
                0x000175d2                tflite::(anonymous namespace)::Eval(TfLiteContext*, TfLiteNode*) [clone .lto_priv.2]
                0x00018980                tflite::MicroContext::~MicroContext()
                0x00018984                tflite::MicroContextReportOpError(TfLiteContext*, char const*, ...)
                0x0001899a                tflite::MicroContext::~MicroContext()
                0x0001899a                tflite::MicroContext::~MicroContext()
 .text.startup  0x0001899c      0x122 /tmp/ccP8G8tw.ltrans1.ltrans.o
 .text._ZdlPvj  0x00018abe        0x4 /opt/riscv32/lib/gcc/riscv32-unknown-elf/15.1.0/../../../../riscv32-unknown-elf/lib/libstdc++.a(del_ops.o)
                0x00018abe                operator delete(void*, unsigned int)
 .text._ZdaPv   0x00018ac2        0x4 /opt/riscv32/lib/gcc/riscv32-unknown-elf/15.1.0/../../../../riscv32-unknown-elf/lib/libstdc++.a(del_opv.o)
                0x00018ac2                operator delete[](void*)
 .text._ZdaPvj  0x00018ac6        0x4 /opt/riscv32/lib/gcc/riscv32-unknown-elf/15.1.0/../../../../riscv32-unknown-elf/lib/libstdc++.a(del_opvs.o)
                0x00018ac6                operator delete[](void*, unsigned int)
 .text.__cxa_guard_acquire
                0x00018aca       0x3c /opt/riscv32/lib/gcc/riscv32-unknown-elf/15.1.0/../../../../riscv32-unknown-elf/lib/libstdc++.a(guard.o)
                0x00018aca                __cxa_guard_acquire
 .text.__cxa_guard_release
                0x00018b06        0xc /opt/riscv32/lib/gcc/riscv32-unknown-elf/15.1.0/../../../../riscv32-unknown-elf/lib/libstdc++.a(guard.o)
                0x00018b06                __cxa_guard_release
 .text._ZN9__gnu_cxx20recursive_init_errorD2Ev
                0x00018b12        0xe /opt/riscv32/lib/gcc/riscv32-unknown-elf/15.1.0/../../../../riscv32-unknown-elf/lib/libstdc++.a(guard_error.o)
                0x00018b12                __gnu_cxx::recursive_init_error::~recursive_init_error()
                0x00018b12                __gnu_cxx::recursive_init_error::~recursive_init_error()
 .text._ZN9__gnu_cxx20recursive_init_errorD0Ev
                0x00018b20       0x16 /opt/riscv32/lib/gcc/riscv32-unknown-elf/15.1.0/../../../../riscv32-unknown-elf/lib/libstdc++.a(guard_error.o)
                0x00018b20                __gnu_cxx::recursive_init_error::~recursive_init_error()
 .text._ZN9__gnu_cxx20recursive_init_errorC2Ev
                0x00018b36        0xc /opt/riscv32/lib/gcc/riscv32-unknown-elf/15.1.0/../../../../riscv32-unknown-elf/lib/libstdc++.a(guard_error.o)
                0x00018b36                __gnu_cxx::recursive_init_error::recursive_init_error()
                0x00018b36                __gnu_cxx::recursive_init_error::recursive_init_error()
 .text._Znwj    0x00018b42       0x48 /opt/riscv32/lib/gcc/riscv32-unknown-elf/15.1.0/../../../../riscv32-unknown-elf/lib/libstdc++.a(new_op.o)
                0x00018b42                operator new(unsigned int)
 .text._Znaj    0x00018b8a        0x4 /opt/riscv32/lib/gcc/riscv32-unknown-elf/15.1.0/../../../../riscv32-unknown-elf/lib/libstdc++.a(new_opv.o)
                0x00018b8a                operator new[](unsigned int)
 .text._ZN10__cxxabiv120__si_class_type_infoD2Ev
                0x00018b8e        0xc /opt/riscv32/lib/gcc/riscv32-unknown-elf/15.1.0/../../../../riscv32-unknown-elf/lib/libstdc++.a(si_class_type_info.o)
                0x00018b8e                __cxxabiv1::__si_class_type_info::~__si_class_type_info()
                0x00018b8e                __cxxabiv1::__si_class_type_info::~__si_class_type_info()
 .text._ZN10__cxxabiv120__si_class_type_infoD0Ev
                0x00018b9a       0x16 /opt/riscv32/lib/gcc/riscv32-unknown-elf/15.1.0/../../../../riscv32-unknown-elf/lib/libstdc++.a(si_class_type_info.o)
                0x00018b9a                __cxxabiv1::__si_class_type_info::~__si_class_type_info()
 .text._ZNKSt9type_infoeqERKS_.isra.0
                0x00018bb0       0x3a /opt/riscv32/lib/gcc/riscv32-unknown-elf/15.1.0/../../../../riscv32-unknown-elf/lib/libstdc++.a(si_class_type_info.o)
 .text._ZNK10__cxxabiv120__si_class_type_info12__do_dyncastEiNS_17__class_type_info10__sub_kindEPKS1_PKvS4_S6_RNS1_16__dyncast_resultE
                0x00018bea       0xa8 /opt/riscv32/lib/gcc/riscv32-unknown-elf/15.1.0/../../../../riscv32-unknown-elf/lib/libstdc++.a(si_class_type_info.o)
                0x00018bea                __cxxabiv1::__si_class_type_info::__do_dyncast(int, __cxxabiv1::__class_type_info::__sub_kind, __cxxabiv1::__class_type_info const*, void const*, __cxxabiv1::__class_type_info const*, void const*, __cxxabiv1::__class_type_info::__dyncast_result&) const
 .text._ZNK10__cxxabiv120__si_class_type_info20__do_find_public_srcEiPKvPKNS_17__class_type_infoES2_
                0x00018c92       0x44 /opt/riscv32/lib/gcc/riscv32-unknown-elf/15.1.0/../../../../riscv32-unknown-elf/lib/libstdc++.a(si_class_type_info.o)
                0x00018c92                __cxxabiv1::__si_class_type_info::__do_find_public_src(int, void const*, __cxxabiv1::__class_type_info const*, void const*) const
 .text._ZNK10__cxxabiv120__si_class_type_info11__do_upcastEPKNS_17__class_type_infoEPKvRNS1_15__upcast_resultE
                0x00018cd6       0x2e /opt/riscv32/lib/gcc/riscv32-unknown-elf/15.1.0/../../../../riscv32-unknown-elf/lib/libstdc++.a(si_class_type_info.o)
                0x00018cd6                __cxxabiv1::__si_class_type_info::__do_upcast(__cxxabiv1::__class_type_info const*, void const*, __cxxabiv1::__class_type_info::__upcast_result&) const
 .text._ZNSt9type_infoD2Ev
                0x00018d04        0x2 /opt/riscv32/lib/gcc/riscv32-unknown-elf/15.1.0/../../../../riscv32-unknown-elf/lib/libstdc++.a(tinfo.o)
                0x00018d04                std::type_info::~type_info()
                0x00018d04                std::type_info::~type_info()
 .text._ZNKSt9type_info14__is_pointer_pEv
                0x00018d06        0x4 /opt/riscv32/lib/gcc/riscv32-unknown-elf/15.1.0/../../../../riscv32-unknown-elf/lib/libstdc++.a(tinfo.o)
                0x00018d06                std::type_info::__is_function_p() const
                0x00018d06                std::type_info::__is_pointer_p() const
 .text.unlikely._ZSt17__throw_bad_allocv
                0x00018d0a       0x24 /opt/riscv32/lib/gcc/riscv32-unknown-elf/15.1.0/../../../../riscv32-unknown-elf/lib/libstdc++.a(functexcept.o)
                0x00018d0a                std::__throw_bad_alloc()
 .text.unlikely._ZSt19__throw_logic_errorPKc
                0x00018d2e       0x36 /opt/riscv32/lib/gcc/riscv32-unknown-elf/15.1.0/../../../../riscv32-unknown-elf/lib/libstdc++.a(functexcept.o)
                0x00018d2e                std::__throw_logic_error(char const*)
 .text.unlikely._ZSt20__throw_length_errorPKc
                0x00018d64       0x36 /opt/riscv32/lib/gcc/riscv32-unknown-elf/15.1.0/../../../../riscv32-unknown-elf/lib/libstdc++.a(functexcept.o)
                0x00018d64                std::__throw_length_error(char const*)
 .text.unlikely._ZSt24__throw_out_of_range_fmtPKcz
                0x00018d9a       0x74 /opt/riscv32/lib/gcc/riscv32-unknown-elf/15.1.0/../../../../riscv32-unknown-elf/lib/libstdc++.a(functexcept.o)
                0x00018d9a                std::__throw_out_of_range_fmt(char const*, ...)
 .text._ZNKSt17bad_function_call4whatEv
                0x00018e0e        0xa /opt/riscv32/lib/gcc/riscv32-unknown-elf/15.1.0/../../../../riscv32-unknown-elf/lib/libstdc++.a(functional.o)
                0x00018e0e                std::bad_function_call::what() const
 .text._ZNSt17bad_function_callD2Ev
                0x00018e18        0xe /opt/riscv32/lib/gcc/riscv32-unknown-elf/15.1.0/../../../../riscv32-unknown-elf/lib/libstdc++.a(functional.o)
                0x00018e18                std::bad_function_call::~bad_function_call()
                0x00018e18                std::bad_function_call::~bad_function_call()
 .text._ZNSt17bad_function_callD0Ev
                0x00018e26       0x12 /opt/riscv32/lib/gcc/riscv32-unknown-elf/15.1.0/../../../../riscv32-unknown-elf/lib/libstdc++.a(functional.o)
                0x00018e26                std::bad_function_call::~bad_function_call()
 .text.unlikely._ZSt25__throw_bad_function_callv
                0x00018e38       0x24 /opt/riscv32/lib/gcc/riscv32-unknown-elf/15.1.0/../../../../riscv32-unknown-elf/lib/libstdc++.a(functional.o)
                0x00018e38                std::__throw_bad_function_call()
 .text.unlikely._ZN9__gnu_cxx26__throw_insufficient_spaceEPKcS1_
                0x00018e5c       0x62 /opt/riscv32/lib/gcc/riscv32-unknown-elf/15.1.0/../../../../riscv32-unknown-elf/lib/libstdc++.a(snprintf_lite.o)
                0x00018e5c                __gnu_cxx::__throw_insufficient_space(char const*, char const*)
 .text._ZN9__gnu_cxx15__concat_size_tEPcjj
                0x00018ebe       0x68 /opt/riscv32/lib/gcc/riscv32-unknown-elf/15.1.0/../../../../riscv32-unknown-elf/lib/libstdc++.a(snprintf_lite.o)
                0x00018ebe                __gnu_cxx::__concat_size_t(char*, unsigned int, unsigned int)
 .text._ZN9__gnu_cxx15__snprintf_liteEPcjPKcPv
                0x00018f26       0xc0 /opt/riscv32/lib/gcc/riscv32-unknown-elf/15.1.0/../../../../riscv32-unknown-elf/lib/libstdc++.a(snprintf_lite.o)
                0x00018f26                __gnu_cxx::__snprintf_lite(char*, unsigned int, char const*, void*)
 .text._ZNSt7__cxx1112basic_stringIcSt11char_traitsIcESaIcEE11_S_allocateERS3_j
                0x00018fe6       0x12 /opt/riscv32/lib/gcc/riscv32-unknown-elf/15.1.0/../../../../riscv32-unknown-elf/lib/libstdc++.a(string-inst.o)
                0x00018fe6                std::__cxx11::basic_string<char, std::char_traits<char>, std::allocator<char> >::_S_allocate(std::allocator<char>&, unsigned int)
 .text._ZNSt7__cxx1112basic_stringIcSt11char_traitsIcESaIcEE9_M_createERjj
                0x00018ff8       0x3c /opt/riscv32/lib/gcc/riscv32-unknown-elf/15.1.0/../../../../riscv32-unknown-elf/lib/libstdc++.a(string-inst.o)
                0x00018ff8                std::__cxx11::basic_string<char, std::char_traits<char>, std::allocator<char> >::_M_create(unsigned int&, unsigned int)
 .text._ZNKSt9bad_alloc4whatEv
                0x00019034        0xa /opt/riscv32/lib/gcc/riscv32-unknown-elf/15.1.0/../../../../riscv32-unknown-elf/lib/libstdc++.a(bad_alloc.o)
                0x00019034                std::bad_alloc::what() const
 .text._ZNSt9bad_allocD2Ev
                0x0001903e        0xc /opt/riscv32/lib/gcc/riscv32-unknown-elf/15.1.0/../../../../riscv32-unknown-elf/lib/libstdc++.a(bad_alloc.o)
                0x0001903e                std::bad_alloc::~bad_alloc()
                0x0001903e                std::bad_alloc::~bad_alloc()
 .text._ZNSt9bad_allocD0Ev
                0x0001904a       0x16 /opt/riscv32/lib/gcc/riscv32-unknown-elf/15.1.0/../../../../riscv32-unknown-elf/lib/libstdc++.a(bad_alloc.o)
                0x0001904a                std::bad_alloc::~bad_alloc()
 .text._ZNK10__cxxabiv117__class_type_info11__do_upcastEPKS0_PPv
                0x00019060       0x36 /opt/riscv32/lib/gcc/riscv32-unknown-elf/15.1.0/../../../../riscv32-unknown-elf/lib/libstdc++.a(class_type_info.o)
                0x00019060                __cxxabiv1::__class_type_info::__do_upcast(__cxxabiv1::__class_type_info const*, void**) const
 .text._ZNK10__cxxabiv117__class_type_info20__do_find_public_srcEiPKvPKS0_S2_
                0x00019096        0xa /opt/riscv32/lib/gcc/riscv32-unknown-elf/15.1.0/../../../../riscv32-unknown-elf/lib/libstdc++.a(class_type_info.o)
                0x00019096                __cxxabiv1::__class_type_info::__do_find_public_src(int, void const*, __cxxabiv1::__class_type_info const*, void const*) const
 .text._ZN10__cxxabiv117__class_type_infoD2Ev
                0x000190a0        0xe /opt/riscv32/lib/gcc/riscv32-unknown-elf/15.1.0/../../../../riscv32-unknown-elf/lib/libstdc++.a(class_type_info.o)
                0x000190a0                __cxxabiv1::__class_type_info::~__class_type_info()
                0x000190a0                __cxxabiv1::__class_type_info::~__class_type_info()
 .text._ZN10__cxxabiv117__class_type_infoD0Ev
                0x000190ae       0x16 /opt/riscv32/lib/gcc/riscv32-unknown-elf/15.1.0/../../../../riscv32-unknown-elf/lib/libstdc++.a(class_type_info.o)
                0x000190ae                __cxxabiv1::__class_type_info::~__class_type_info()
 .text._ZNKSt9type_infoeqERKS_.isra.0
                0x000190c4       0x3a /opt/riscv32/lib/gcc/riscv32-unknown-elf/15.1.0/../../../../riscv32-unknown-elf/lib/libstdc++.a(class_type_info.o)
 .text._ZNK10__cxxabiv117__class_type_info11__do_upcastEPKS0_PKvRNS0_15__upcast_resultE
                0x000190fe       0x26 /opt/riscv32/lib/gcc/riscv32-unknown-elf/15.1.0/../../../../riscv32-unknown-elf/lib/libstdc++.a(class_type_info.o)
                0x000190fe                __cxxabiv1::__class_type_info::__do_upcast(__cxxabiv1::__class_type_info const*, void const*, __cxxabiv1::__class_type_info::__upcast_result&) const
 .text._ZNK10__cxxabiv117__class_type_info12__do_dyncastEiNS0_10__sub_kindEPKS0_PKvS3_S5_RNS0_16__dyncast_resultE
                0x00019124       0x50 /opt/riscv32/lib/gcc/riscv32-unknown-elf/15.1.0/../../../../riscv32-unknown-elf/lib/libstdc++.a(class_type_info.o)
                0x00019124                __cxxabiv1::__class_type_info::__do_dyncast(int, __cxxabiv1::__class_type_info::__sub_kind, __cxxabiv1::__class_type_info const*, void const*, __cxxabiv1::__class_type_info const*, void const*, __cxxabiv1::__class_type_info::__dyncast_result&) const
 .text._ZNK10__cxxabiv117__class_type_info10__do_catchEPKSt9type_infoPPvj
                0x00019174       0x40 /opt/riscv32/lib/gcc/riscv32-unknown-elf/15.1.0/../../../../riscv32-unknown-elf/lib/libstdc++.a(class_type_info.o)
                0x00019174                __cxxabiv1::__class_type_info::__do_catch(std::type_info const*, void**, unsigned int) const
 .text._ZdlPv   0x000191b4        0x4 /opt/riscv32/lib/gcc/riscv32-unknown-elf/15.1.0/../../../../riscv32-unknown-elf/lib/libstdc++.a(del_op.o)
                0x000191b4                operator delete(void*)
 .text._ZN12_GLOBAL__N_14pool4freeEPv.constprop.0
                0x000191b8       0x8a /opt/riscv32/lib/gcc/riscv32-unknown-elf/15.1.0/../../../../riscv32-unknown-elf/lib/libstdc++.a(eh_alloc.o)
 .text._ZN12_GLOBAL__N_14pool8allocateEj.constprop.0
                0x00019242       0x5a /opt/riscv32/lib/gcc/riscv32-unknown-elf/15.1.0/../../../../riscv32-unknown-elf/lib/libstdc++.a(eh_alloc.o)
 .text.__cxa_allocate_exception
                0x0001929c       0x3a /opt/riscv32/lib/gcc/riscv32-unknown-elf/15.1.0/../../../../riscv32-unknown-elf/lib/libstdc++.a(eh_alloc.o)
                0x0001929c                __cxa_allocate_exception
 .text.__cxa_free_exception
                0x000192d6       0x22 /opt/riscv32/lib/gcc/riscv32-unknown-elf/15.1.0/../../../../riscv32-unknown-elf/lib/libstdc++.a(eh_alloc.o)
                0x000192d6                __cxa_free_exception
 .text._ZNKSt17basic_string_viewIcSt11char_traitsIcEE7compareEjjPKcj
                0x000192f8       0x54 /opt/riscv32/lib/gcc/riscv32-unknown-elf/15.1.0/../../../../riscv32-unknown-elf/lib/libstdc++.a(eh_alloc.o)
                0x000192f8                std::basic_string_view<char, std::char_traits<char> >::compare(unsigned int, unsigned int, char const*, unsigned int) const
 .text.startup._GLOBAL__sub_I__ZN9__gnu_cxx9__freeresEv
                0x0001934c      0x140 /opt/riscv32/lib/gcc/riscv32-unknown-elf/15.1.0/../../../../riscv32-unknown-elf/lib/libstdc++.a(eh_alloc.o)
 .text.__cxa_begin_catch
                0x0001948c       0x70 /opt/riscv32/lib/gcc/riscv32-unknown-elf/15.1.0/../../../../riscv32-unknown-elf/lib/libstdc++.a(eh_catch.o)
                0x0001948c                __cxa_begin_catch
 .text.__cxa_end_catch
                0x000194fc       0x68 /opt/riscv32/lib/gcc/riscv32-unknown-elf/15.1.0/../../../../riscv32-unknown-elf/lib/libstdc++.a(eh_catch.o)
                0x000194fc                __cxa_end_catch
 .text._ZNSt9exceptionD2Ev
                0x00019564        0x2 /opt/riscv32/lib/gcc/riscv32-unknown-elf/15.1.0/../../../../riscv32-unknown-elf/lib/libstdc++.a(eh_exception.o)
                0x00019564                std::exception::~exception()
                0x00019564                std::exception::~exception()
 .text._ZNKSt9exception4whatEv
                0x00019566        0xa /opt/riscv32/lib/gcc/riscv32-unknown-elf/15.1.0/../../../../riscv32-unknown-elf/lib/libstdc++.a(eh_exception.o)
                0x00019566                transaction clone for std::exception::what() const
                0x00019566                std::exception::what() const
 .text.__cxa_get_globals_fast
                0x00019570        0xa /opt/riscv32/lib/gcc/riscv32-unknown-elf/15.1.0/../../../../riscv32-unknown-elf/lib/libstdc++.a(eh_globals.o)
                0x00019570                __cxa_get_globals_fast
 .text.__cxa_get_globals
                0x0001957a        0xa /opt/riscv32/lib/gcc/riscv32-unknown-elf/15.1.0/../../../../riscv32-unknown-elf/lib/libstdc++.a(eh_globals.o)
                0x0001957a                __cxa_get_globals
 .text._ZL12read_uleb128PKhPm
                0x00019584       0x22 /opt/riscv32/lib/gcc/riscv32-unknown-elf/15.1.0/../../../../riscv32-unknown-elf/lib/libstdc++.a(eh_personality.o)
 .text._ZL12read_sleb128PKhPl
                0x000195a6       0x38 /opt/riscv32/lib/gcc/riscv32-unknown-elf/15.1.0/../../../../riscv32-unknown-elf/lib/libstdc++.a(eh_personality.o)
 .text._ZL16get_adjusted_ptrPKSt9type_infoS1_PPv
                0x000195de       0x40 /opt/riscv32/lib/gcc/riscv32-unknown-elf/15.1.0/../../../../riscv32-unknown-elf/lib/libstdc++.a(eh_personality.o)
 .text._ZL28read_encoded_value_with_basehjPKhPj
                0x0001961e       0xf0 /opt/riscv32/lib/gcc/riscv32-unknown-elf/15.1.0/../../../../riscv32-unknown-elf/lib/libstdc++.a(eh_personality.o)
 .text._ZL15get_ttype_entryP16lsda_header_infom
                0x0001970e       0x5e /opt/riscv32/lib/gcc/riscv32-unknown-elf/15.1.0/../../../../riscv32-unknown-elf/lib/libstdc++.a(eh_personality.o)
 .text._ZL20check_exception_specP16lsda_header_infoPKSt9type_infoPvl
                0x0001976c       0x46 /opt/riscv32/lib/gcc/riscv32-unknown-elf/15.1.0/../../../../riscv32-unknown-elf/lib/libstdc++.a(eh_personality.o)
 .text._ZL21base_of_encoded_valuehP15_Unwind_Context
                0x000197b2       0x50 /opt/riscv32/lib/gcc/riscv32-unknown-elf/15.1.0/../../../../riscv32-unknown-elf/lib/libstdc++.a(eh_personality.o)
 .text._ZL18read_encoded_valueP15_Unwind_ContexthPKhPj
                0x00019802       0x26 /opt/riscv32/lib/gcc/riscv32-unknown-elf/15.1.0/../../../../riscv32-unknown-elf/lib/libstdc++.a(eh_personality.o)
 .text._ZL17parse_lsda_headerP15_Unwind_ContextPKhP16lsda_header_info
                0x00019828       0x7e /opt/riscv32/lib/gcc/riscv32-unknown-elf/15.1.0/../../../../riscv32-unknown-elf/lib/libstdc++.a(eh_personality.o)
 .text.__gxx_personality_v0
                0x000198a6      0x2be /opt/riscv32/lib/gcc/riscv32-unknown-elf/15.1.0/../../../../riscv32-unknown-elf/lib/libstdc++.a(eh_personality.o)
                0x000198a6                __gxx_personality_v0
 .text._ZN10__cxxabiv111__terminateEPFvvE
                0x00019b64       0x12 /opt/riscv32/lib/gcc/riscv32-unknown-elf/15.1.0/../../../../riscv32-unknown-elf/lib/libstdc++.a(eh_terminate.o)
                0x00019b64                __cxxabiv1::__terminate(void (*)())
 .text.unlikely._ZSt9terminatev
                0x00019b76       0x10 /opt/riscv32/lib/gcc/riscv32-unknown-elf/15.1.0/../../../../riscv32-unknown-elf/lib/libstdc++.a(eh_terminate.o)
                0x00019b76                std::terminate()
 .text._ZN10__cxxabiv112__unexpectedEPFvvE
                0x00019b86        0xa /opt/riscv32/lib/gcc/riscv32-unknown-elf/15.1.0/../../../../riscv32-unknown-elf/lib/libstdc++.a(eh_terminate.o)
                0x00019b86                __cxxabiv1::__unexpected(void (*)())
 .text.unlikely._ZSt10unexpectedv
                0x00019b90       0x10 /opt/riscv32/lib/gcc/riscv32-unknown-elf/15.1.0/../../../../riscv32-unknown-elf/lib/libstdc++.a(eh_terminate.o)
                0x00019b90                std::unexpected()
 .text._ZSt13get_terminatev
                0x00019ba0        0xa /opt/riscv32/lib/gcc/riscv32-unknown-elf/15.1.0/../../../../riscv32-unknown-elf/lib/libstdc++.a(eh_terminate.o)
                0x00019ba0                std::get_terminate()
 .text._ZSt14get_unexpectedv
                0x00019baa        0xa /opt/riscv32/lib/gcc/riscv32-unknown-elf/15.1.0/../../../../riscv32-unknown-elf/lib/libstdc++.a(eh_terminate.o)
                0x00019baa                std::get_unexpected()
 .text._ZL23__gxx_exception_cleanup19_Unwind_Reason_CodeP17_Unwind_Exception
                0x00019bb4       0x40 /opt/riscv32/lib/gcc/riscv32-unknown-elf/15.1.0/../../../../riscv32-unknown-elf/lib/libstdc++.a(eh_throw.o)
 .text.__cxa_init_primary_exception
                0x00019bf4       0x4e /opt/riscv32/lib/gcc/riscv32-unknown-elf/15.1.0/../../../../riscv32-unknown-elf/lib/libstdc++.a(eh_throw.o)
                0x00019bf4                __cxa_init_primary_exception
 .text.__cxa_throw
                0x00019c42       0x38 /opt/riscv32/lib/gcc/riscv32-unknown-elf/15.1.0/../../../../riscv32-unknown-elf/lib/libstdc++.a(eh_throw.o)
                0x00019c42                __cxa_throw
 .text.__cxa_rethrow
                0x00019c7a       0x5c /opt/riscv32/lib/gcc/riscv32-unknown-elf/15.1.0/../../../../riscv32-unknown-elf/lib/libstdc++.a(eh_throw.o)
                0x00019c7a                __cxa_rethrow
 .text._ZSt15get_new_handlerv
                0x00019cd6        0xa /opt/riscv32/lib/gcc/riscv32-unknown-elf/15.1.0/../../../../riscv32-unknown-elf/lib/libstdc++.a(new_handler.o)
                0x00019cd6                std::get_new_handler()
 .text._ZN9__gnu_cxx27__verbose_terminate_handlerEv
                0x00019ce0      0x10a /opt/riscv32/lib/gcc/riscv32-unknown-elf/15.1.0/../../../../riscv32-unknown-elf/lib/libstdc++.a(vterminate.o)
                0x00019ce0                __gnu_cxx::__verbose_terminate_handler()
 .text._ZNKSt11logic_error4whatEv
                0x00019dea        0x4 /opt/riscv32/lib/gcc/riscv32-unknown-elf/15.1.0/../../../../riscv32-unknown-elf/lib/libstdc++.a(stdexcept.o)
                0x00019dea                std::runtime_error::what() const
                0x00019dea                std::logic_error::what() const
 .text._ZNSt11logic_errorD2Ev
                0x00019dee       0x26 /opt/riscv32/lib/gcc/riscv32-unknown-elf/15.1.0/../../../../riscv32-unknown-elf/lib/libstdc++.a(stdexcept.o)
                0x00019dee                std::logic_error::~logic_error()
                0x00019dee                std::logic_error::~logic_error()
 .text._ZNSt11logic_errorD0Ev
                0x00019e14       0x14 /opt/riscv32/lib/gcc/riscv32-unknown-elf/15.1.0/../../../../riscv32-unknown-elf/lib/libstdc++.a(stdexcept.o)
                0x00019e14                std::logic_error::~logic_error()
 .text._ZNSt12length_errorD2Ev
                0x00019e28        0xe /opt/riscv32/lib/gcc/riscv32-unknown-elf/15.1.0/../../../../riscv32-unknown-elf/lib/libstdc++.a(stdexcept.o)
                0x00019e28                std::length_error::~length_error()
                0x00019e28                std::length_error::~length_error()
 .text._ZNSt12length_errorD0Ev
                0x00019e36       0x14 /opt/riscv32/lib/gcc/riscv32-unknown-elf/15.1.0/../../../../riscv32-unknown-elf/lib/libstdc++.a(stdexcept.o)
                0x00019e36                std::length_error::~length_error()
 .text._ZNSt12out_of_rangeD2Ev
                0x00019e4a        0xe /opt/riscv32/lib/gcc/riscv32-unknown-elf/15.1.0/../../../../riscv32-unknown-elf/lib/libstdc++.a(stdexcept.o)
                0x00019e4a                std::out_of_range::~out_of_range()
                0x00019e4a                std::out_of_range::~out_of_range()
 .text._ZNSt12out_of_rangeD0Ev
                0x00019e58       0x14 /opt/riscv32/lib/gcc/riscv32-unknown-elf/15.1.0/../../../../riscv32-unknown-elf/lib/libstdc++.a(stdexcept.o)
                0x00019e58                std::out_of_range::~out_of_range()
 .text._ZNSt11logic_errorC2EPKc
                0x00019e6c       0x34 /opt/riscv32/lib/gcc/riscv32-unknown-elf/15.1.0/../../../../riscv32-unknown-elf/lib/libstdc++.a(cow-stdexcept.o)
                0x00019e6c                std::logic_error::logic_error(char const*)
                0x00019e6c                std::logic_error::logic_error(char const*)
 .text._ZNSt12length_errorC2EPKc
                0x00019ea0       0x1c /opt/riscv32/lib/gcc/riscv32-unknown-elf/15.1.0/../../../../riscv32-unknown-elf/lib/libstdc++.a(cow-stdexcept.o)
                0x00019ea0                std::length_error::length_error(char const*)
                0x00019ea0                std::length_error::length_error(char const*)
 .text._ZNSt12out_of_rangeC2EPKc
                0x00019ebc       0x1c /opt/riscv32/lib/gcc/riscv32-unknown-elf/15.1.0/../../../../riscv32-unknown-elf/lib/libstdc++.a(cow-stdexcept.o)
                0x00019ebc                std::out_of_range::out_of_range(char const*)
                0x00019ebc                std::out_of_range::out_of_range(char const*)
 .text._ZNSs7_M_copyEPcPKcj
                0x00019ed8       0x18 /opt/riscv32/lib/gcc/riscv32-unknown-elf/15.1.0/../../../../riscv32-unknown-elf/lib/libstdc++.a(cow-string-inst.o)
                0x00019ed8                std::string::_M_copy(char*, char const*, unsigned int)
 .text._ZNSs13_S_copy_charsEPcPKcS1_
                0x00019ef0        0x6 /opt/riscv32/lib/gcc/riscv32-unknown-elf/15.1.0/../../../../riscv32-unknown-elf/lib/libstdc++.a(cow-string-inst.o)
                0x00019ef0                std::string::_S_copy_chars(char*, char const*, char const*)
 .text._ZNSs4_Rep26_M_set_length_and_sharableEj
                0x00019ef6       0x1a /opt/riscv32/lib/gcc/riscv32-unknown-elf/15.1.0/../../../../riscv32-unknown-elf/lib/libstdc++.a(cow-string-inst.o)
                0x00019ef6                std::string::_Rep::_M_set_length_and_sharable(unsigned int)
 .text._ZNSs4_Rep9_S_createEjjRKSaIcE
                0x00019f10       0x70 /opt/riscv32/lib/gcc/riscv32-unknown-elf/15.1.0/../../../../riscv32-unknown-elf/lib/libstdc++.a(cow-string-inst.o)
                0x00019f10                std::string::_Rep::_S_create(unsigned int, unsigned int, std::allocator<char> const&)
 .text._ZNSs4_Rep10_M_destroyERKSaIcE
                0x00019f80        0x4 /opt/riscv32/lib/gcc/riscv32-unknown-elf/15.1.0/../../../../riscv32-unknown-elf/lib/libstdc++.a(cow-string-inst.o)
                0x00019f80                std::string::_Rep::_M_destroy(std::allocator<char> const&)
 .text._ZNSs4_Rep10_M_disposeERKSaIcE
                0x00019f84       0x1e /opt/riscv32/lib/gcc/riscv32-unknown-elf/15.1.0/../../../../riscv32-unknown-elf/lib/libstdc++.a(cow-string-inst.o)
                0x00019f84                std::string::_Rep::_M_dispose(std::allocator<char> const&)
 .text._ZNSs12_S_constructIPKcEEPcT_S3_RKSaIcESt20forward_iterator_tag
                0x00019fa2       0x64 /opt/riscv32/lib/gcc/riscv32-unknown-elf/15.1.0/../../../../riscv32-unknown-elf/lib/libstdc++.a(cow-string-inst.o)
                0x00019fa2                char* std::string::_S_construct<char const*>(char const*, char const*, std::allocator<char> const&, std::forward_iterator_tag)
 .text._ZNSsC2EPKcRKSaIcE
                0x0001a006       0x32 /opt/riscv32/lib/gcc/riscv32-unknown-elf/15.1.0/../../../../riscv32-unknown-elf/lib/libstdc++.a(cow-string-inst.o)
                0x0001a006                std::basic_string<char, std::char_traits<char>, std::allocator<char> >::basic_string(char const*, std::allocator<char> const&)
                0x0001a006                std::basic_string<char, std::char_traits<char>, std::allocator<char> >::basic_string(char const*, std::allocator<char> const&)
 .text          0x0001a038     0x45c0 /opt/riscv32/lib/gcc/riscv32-unknown-elf/15.1.0/../../../../riscv32-unknown-elf/lib/libstdc++.a(cp-demangle.o)
                0x0001e536                __cxa_demangle
                0x0001e5da                __gcclibcxx_demangle_callback
 .text.unlikely.__cxa_call_terminate
                0x0001e5f8       0x40 /opt/riscv32/lib/gcc/riscv32-unknown-elf/15.1.0/../../../../riscv32-unknown-elf/lib/libstdc++.a(eh_call.o)
                0x0001e5f8                __cxa_call_terminate
 .text.__cxa_current_exception_type
                0x0001e638       0x22 /opt/riscv32/lib/gcc/riscv32-unknown-elf/15.1.0/../../../../riscv32-unknown-elf/lib/libstdc++.a(eh_type.o)
                0x0001e638                __cxa_current_exception_type
 .text.floor    0x0001e65a      0x17e /opt/riscv32/lib/gcc/riscv32-unknown-elf/15.1.0/../../../../riscv32-unknown-elf/lib/libm.a(libm_a-s_floor.o)
                0x0001e65a                floor
 .text.frexp    0x0001e7d8       0x8e /opt/riscv32/lib/gcc/riscv32-unknown-elf/15.1.0/../../../../riscv32-unknown-elf/lib/libm.a(libm_a-s_frexp.o)
                0x0001e7d8                frexp
 .text.round    0x0001e866       0xb8 /opt/riscv32/lib/gcc/riscv32-unknown-elf/15.1.0/../../../../riscv32-unknown-elf/lib/libm.a(libm_a-s_round.o)
                0x0001e866                round
 .text.abort    0x0001e91e       0x10 /opt/riscv32/lib/gcc/riscv32-unknown-elf/15.1.0/../../../../riscv32-unknown-elf/lib/libc.a(libc_a-abort.o)
                0x0001e91e                abort
 .text.__assert_func
                0x0001e92e       0x40 /opt/riscv32/lib/gcc/riscv32-unknown-elf/15.1.0/../../../../riscv32-unknown-elf/lib/libc.a(libc_a-assert.o)
                0x0001e92e                __assert_func
 .text.atexit   0x0001e96e        0xc /opt/riscv32/lib/gcc/riscv32-unknown-elf/15.1.0/../../../../riscv32-unknown-elf/lib/libc.a(libc_a-atexit.o)
                0x0001e96e                atexit
 .text.getenv   0x0001e97a       0x18 /opt/riscv32/lib/gcc/riscv32-unknown-elf/15.1.0/../../../../riscv32-unknown-elf/lib/libc.a(libc_a-getenv.o)
                0x0001e97a                getenv
 .text._findenv_r
                0x0001e992       0xc0 /opt/riscv32/lib/gcc/riscv32-unknown-elf/15.1.0/../../../../riscv32-unknown-elf/lib/libc.a(libc_a-getenv_r.o)
                0x0001e992                _findenv_r
 .text.malloc   0x0001ea52        0xc /opt/riscv32/lib/gcc/riscv32-unknown-elf/15.1.0/../../../../riscv32-unknown-elf/lib/libc.a(libc_a-malloc.o)
                0x0001ea52                malloc
 .text.free     0x0001ea5e        0xe /opt/riscv32/lib/gcc/riscv32-unknown-elf/15.1.0/../../../../riscv32-unknown-elf/lib/libc.a(libc_a-malloc.o)
                0x0001ea5e                free
 .text._malloc_r
                0x0001ea6c      0x62e /opt/riscv32/lib/gcc/riscv32-unknown-elf/15.1.0/../../../../riscv32-unknown-elf/lib/libc.a(libc_a-mallocr.o)
                0x0001ea6c                _malloc_r
 .text.__malloc_lock
                0x0001f09a        0x2 /opt/riscv32/lib/gcc/riscv32-unknown-elf/15.1.0/../../../../riscv32-unknown-elf/lib/libc.a(libc_a-mlock.o)
                0x0001f09a                __malloc_lock
 .text.__malloc_unlock
                0x0001f09c        0x2 /opt/riscv32/lib/gcc/riscv32-unknown-elf/15.1.0/../../../../riscv32-unknown-elf/lib/libc.a(libc_a-mlock.o)
                0x0001f09c                __malloc_unlock
 .text.realloc  0x0001f09e       0x10 /opt/riscv32/lib/gcc/riscv32-unknown-elf/15.1.0/../../../../riscv32-unknown-elf/lib/libc.a(libc_a-realloc.o)
                0x0001f09e                realloc
 .text._realloc_r
                0x0001f0ae      0x454 /opt/riscv32/lib/gcc/riscv32-unknown-elf/15.1.0/../../../../riscv32-unknown-elf/lib/libc.a(libc_a-reallocr.o)
                0x0001f0ae                _realloc_r
 .text._strtoul_l.isra.0
                0x0001f502      0x142 /opt/riscv32/lib/gcc/riscv32-unknown-elf/15.1.0/../../../../riscv32-unknown-elf/lib/libc.a(libc_a-strtoul.o)
 .text.strtoul  0x0001f644       0x14 /opt/riscv32/lib/gcc/riscv32-unknown-elf/15.1.0/../../../../riscv32-unknown-elf/lib/libc.a(libc_a-strtoul.o)
                0x0001f644                strtoul
 .text.fiprintf
                0x0001f658       0x30 /opt/riscv32/lib/gcc/riscv32-unknown-elf/15.1.0/../../../../riscv32-unknown-elf/lib/libc.a(libc_a-fiprintf.o)
                0x0001f658                fiprintf
 .text._vfiprintf_r
                0x0001f688      0xe4c /opt/riscv32/lib/gcc/riscv32-unknown-elf/15.1.0/../../../../riscv32-unknown-elf/lib/libc.a(libc_a-vfiprintf.o)
                0x0001f688                _vfiprintf_r
 .text.__sbprintf
                0x000204d4       0x90 /opt/riscv32/lib/gcc/riscv32-unknown-elf/15.1.0/../../../../riscv32-unknown-elf/lib/libc.a(libc_a-vfiprintf.o)
 .text.__sprint_r
                0x00020564       0x24 /opt/riscv32/lib/gcc/riscv32-unknown-elf/15.1.0/../../../../riscv32-unknown-elf/lib/libc.a(libc_a-sprint_r.o)
                0x00020564                __sprint_r
 .text.__sflush_r
                0x00020588      0x19a /opt/riscv32/lib/gcc/riscv32-unknown-elf/15.1.0/../../../../riscv32-unknown-elf/lib/libc.a(libc_a-fflush.o)
                0x00020588                __sflush_r
 .text._fflush_r
                0x00020722       0x3e /opt/riscv32/lib/gcc/riscv32-unknown-elf/15.1.0/../../../../riscv32-unknown-elf/lib/libc.a(libc_a-fflush.o)
                0x00020722                _fflush_r
 .text.stdio_exit_handler
                0x00020760       0x1a /opt/riscv32/lib/gcc/riscv32-unknown-elf/15.1.0/../../../../riscv32-unknown-elf/lib/libc.a(libc_a-findfp.o)
 .text.cleanup_stdio
                0x0002077a       0x50 /opt/riscv32/lib/gcc/riscv32-unknown-elf/15.1.0/../../../../riscv32-unknown-elf/lib/libc.a(libc_a-findfp.o)
 .text.global_stdio_init.part.0
                0x000207ca      0x136 /opt/riscv32/lib/gcc/riscv32-unknown-elf/15.1.0/../../../../riscv32-unknown-elf/lib/libc.a(libc_a-findfp.o)
 .text.__sinit  0x00020900       0x1e /opt/riscv32/lib/gcc/riscv32-unknown-elf/15.1.0/../../../../riscv32-unknown-elf/lib/libc.a(libc_a-findfp.o)
                0x00020900                __sinit
 .text.__sfp_lock_acquire
                0x0002091e        0x2 /opt/riscv32/lib/gcc/riscv32-unknown-elf/15.1.0/../../../../riscv32-unknown-elf/lib/libc.a(libc_a-findfp.o)
                0x0002091e                __sfp_lock_acquire
 .text.__sfp_lock_release
                0x00020920        0x2 /opt/riscv32/lib/gcc/riscv32-unknown-elf/15.1.0/../../../../riscv32-unknown-elf/lib/libc.a(libc_a-findfp.o)
                0x00020920                __sfp_lock_release
 .text.fputc    0x00020922       0x38 /opt/riscv32/lib/gcc/riscv32-unknown-elf/15.1.0/../../../../riscv32-unknown-elf/lib/libc.a(libc_a-fputc.o)
                0x00020922                fputc
 .text._fputs_r
                0x0002095a       0x6a /opt/riscv32/lib/gcc/riscv32-unknown-elf/15.1.0/../../../../riscv32-unknown-elf/lib/libc.a(libc_a-fputs.o)
                0x0002095a                _fputs_r
 .text.fputs    0x000209c4       0x12 /opt/riscv32/lib/gcc/riscv32-unknown-elf/15.1.0/../../../../riscv32-unknown-elf/lib/libc.a(libc_a-fputs.o)
                0x000209c4                fputs
 .text.__sfvwrite_r
                0x000209d6      0x33c /opt/riscv32/lib/gcc/riscv32-unknown-elf/15.1.0/../../../../riscv32-unknown-elf/lib/libc.a(libc_a-fvwrite.o)
                0x000209d6                __sfvwrite_r
 .text._fwalk_sglue
                0x00020d12       0x72 /opt/riscv32/lib/gcc/riscv32-unknown-elf/15.1.0/../../../../riscv32-unknown-elf/lib/libc.a(libc_a-fwalk.o)
                0x00020d12                _fwalk_sglue
 .text._putc_r  0x00020d84       0x84 /opt/riscv32/lib/gcc/riscv32-unknown-elf/15.1.0/../../../../riscv32-unknown-elf/lib/libc.a(libc_a-putc.o)
                0x00020d84                _putc_r
 .text.sprintf  0x00020e08       0x4e /opt/riscv32/lib/gcc/riscv32-unknown-elf/15.1.0/../../../../riscv32-unknown-elf/lib/libc.a(libc_a-sprintf.o)
                0x00020e08                sprintf
 .text.__sread  0x00020e56       0x36 /opt/riscv32/lib/gcc/riscv32-unknown-elf/15.1.0/../../../../riscv32-unknown-elf/lib/libc.a(libc_a-stdio.o)
                0x00020e56                __sread
 .text.__swrite
                0x00020e8c       0x50 /opt/riscv32/lib/gcc/riscv32-unknown-elf/15.1.0/../../../../riscv32-unknown-elf/lib/libc.a(libc_a-stdio.o)
                0x00020e8c                __swrite
 .text.__sseek  0x00020edc       0x40 /opt/riscv32/lib/gcc/riscv32-unknown-elf/15.1.0/../../../../riscv32-unknown-elf/lib/libc.a(libc_a-stdio.o)
                0x00020edc                __sseek
 .text.__sclose
                0x00020f1c        0x6 /opt/riscv32/lib/gcc/riscv32-unknown-elf/15.1.0/../../../../riscv32-unknown-elf/lib/libc.a(libc_a-stdio.o)
                0x00020f1c                __sclose
 .text.__swbuf_r
                0x00020f22       0xe0 /opt/riscv32/lib/gcc/riscv32-unknown-elf/15.1.0/../../../../riscv32-unknown-elf/lib/libc.a(libc_a-wbuf.o)
                0x00020f22                __swbuf_r
 .text.__swsetup_r
                0x00021002       0xf4 /opt/riscv32/lib/gcc/riscv32-unknown-elf/15.1.0/../../../../riscv32-unknown-elf/lib/libc.a(libc_a-wsetup.o)
                0x00021002                __swsetup_r
 .text.memchr   0x000210f6       0x7a /opt/riscv32/lib/gcc/riscv32-unknown-elf/15.1.0/../../../../riscv32-unknown-elf/lib/libc.a(libc_a-memchr.o)
                0x000210f6                memchr
 .text.memcmp   0x00021170       0x48 /opt/riscv32/lib/gcc/riscv32-unknown-elf/15.1.0/../../../../riscv32-unknown-elf/lib/libc.a(libc_a-memcmp.o)
                0x00021170                memcmp
 .text.strchr   0x000211b8       0xee /opt/riscv32/lib/gcc/riscv32-unknown-elf/15.1.0/../../../../riscv32-unknown-elf/lib/libc.a(libc_a-strchr.o)
                0x000211b8                strchr
 .text.strncmp  0x000212a6       0x7a /opt/riscv32/lib/gcc/riscv32-unknown-elf/15.1.0/../../../../riscv32-unknown-elf/lib/libc.a(libc_a-strncmp.o)
                0x000212a6                strncmp
 .text.strncpy  0x00021320       0x78 /opt/riscv32/lib/gcc/riscv32-unknown-elf/15.1.0/../../../../riscv32-unknown-elf/lib/libc.a(libc_a-strncpy.o)
                0x00021320                strncpy
 .text.raise    0x00021398       0x6a /opt/riscv32/lib/gcc/riscv32-unknown-elf/15.1.0/../../../../riscv32-unknown-elf/lib/libc.a(libc_a-signal.o)
                0x00021398                raise
 .text._localeconv_r
                0x00021402        0xa /opt/riscv32/lib/gcc/riscv32-unknown-elf/15.1.0/../../../../riscv32-unknown-elf/lib/libc.a(libc_a-localeconv.o)
                0x00021402                _localeconv_r
 .text._close_r
                0x0002140c       0x3a /opt/riscv32/lib/gcc/riscv32-unknown-elf/15.1.0/../../../../riscv32-unknown-elf/lib/libc.a(libc_a-closer.o)
                0x0002140c                _close_r
 .text._lseek_r
                0x00021446       0x40 /opt/riscv32/lib/gcc/riscv32-unknown-elf/15.1.0/../../../../riscv32-unknown-elf/lib/libc.a(libc_a-lseekr.o)
                0x00021446                _lseek_r
 .text._read_r  0x00021486       0x40 /opt/riscv32/lib/gcc/riscv32-unknown-elf/15.1.0/../../../../riscv32-unknown-elf/lib/libc.a(libc_a-readr.o)
                0x00021486                _read_r
 .text._kill_r  0x000214c6       0x3e /opt/riscv32/lib/gcc/riscv32-unknown-elf/15.1.0/../../../../riscv32-unknown-elf/lib/libc.a(libc_a-signalr.o)
                0x000214c6                _kill_r
 .text._getpid_r
                0x00021504        0x4 /opt/riscv32/lib/gcc/riscv32-unknown-elf/15.1.0/../../../../riscv32-unknown-elf/lib/libc.a(libc_a-signalr.o)
                0x00021504                _getpid_r
 .text._sbrk_r  0x00021508       0x3a /opt/riscv32/lib/gcc/riscv32-unknown-elf/15.1.0/../../../../riscv32-unknown-elf/lib/libc.a(libc_a-sbrkr.o)
                0x00021508                _sbrk_r
 .text._write_r
                0x00021542       0x40 /opt/riscv32/lib/gcc/riscv32-unknown-elf/15.1.0/../../../../riscv32-unknown-elf/lib/libc.a(libc_a-writer.o)
                0x00021542                _write_r
 .text.__errno  0x00021582        0xa /opt/riscv32/lib/gcc/riscv32-unknown-elf/15.1.0/../../../../riscv32-unknown-elf/lib/libc.a(libc_a-errno.o)
                0x00021582                __errno
 .text.__libc_init_array
                0x0002158c       0x6a /opt/riscv32/lib/gcc/riscv32-unknown-elf/15.1.0/../../../../riscv32-unknown-elf/lib/libc.a(libc_a-init.o)
                0x0002158c                __libc_init_array
 .text.memmove  0x000215f6       0xda /opt/riscv32/lib/gcc/riscv32-unknown-elf/15.1.0/../../../../riscv32-unknown-elf/lib/libc.a(libc_a-memmove-stub.o)
                0x000215f6                memmove
 .text          0x000216d0       0xa8 /opt/riscv32/lib/gcc/riscv32-unknown-elf/15.1.0/../../../../riscv32-unknown-elf/lib/libc.a(libc_a-memset.o)
                0x000216d0                memset
 .text.memcpy   0x00021778       0xe8 /opt/riscv32/lib/gcc/riscv32-unknown-elf/15.1.0/../../../../riscv32-unknown-elf/lib/libc.a(libc_a-memcpy.o)
                0x00021778                memcpy
 .text.strlen   0x00021860       0x64 /opt/riscv32/lib/gcc/riscv32-unknown-elf/15.1.0/../../../../riscv32-unknown-elf/lib/libc.a(libc_a-strlen.o)
                0x00021860                strlen
 .text.strcpy   0x000218c4       0x76 /opt/riscv32/lib/gcc/riscv32-unknown-elf/15.1.0/../../../../riscv32-unknown-elf/lib/libc.a(libc_a-strcpy.o)
                0x000218c4                strcpy
 .text          0x0002193a      0x11e /opt/riscv32/lib/gcc/riscv32-unknown-elf/15.1.0/../../../../riscv32-unknown-elf/lib/libc.a(libc_a-strcmp.o)
                0x0002193a                strcmp
 .text.__register_exitproc
                0x00021a58       0x70 /opt/riscv32/lib/gcc/riscv32-unknown-elf/15.1.0/../../../../riscv32-unknown-elf/lib/libc.a(libc_a-__atexit.o)
                0x00021a58                __register_exitproc
 .text.startup.register_fini
                0x00021ac8       0x14 /opt/riscv32/lib/gcc/riscv32-unknown-elf/15.1.0/../../../../riscv32-unknown-elf/lib/libc.a(libc_a-__call_atexit.o)
 .text.__env_lock
                0x00021adc        0x2 /opt/riscv32/lib/gcc/riscv32-unknown-elf/15.1.0/../../../../riscv32-unknown-elf/lib/libc.a(libc_a-envlock.o)
                0x00021adc                __env_lock
 .text.__env_unlock
                0x00021ade        0x2 /opt/riscv32/lib/gcc/riscv32-unknown-elf/15.1.0/../../../../riscv32-unknown-elf/lib/libc.a(libc_a-envlock.o)
                0x00021ade                __env_unlock
 .text._malloc_trim_r
                0x00021ae0       0xd4 /opt/riscv32/lib/gcc/riscv32-unknown-elf/15.1.0/../../../../riscv32-unknown-elf/lib/libc.a(libc_a-freer.o)
                0x00021ae0                _malloc_trim_r
 .text._free_r  0x00021bb4      0x230 /opt/riscv32/lib/gcc/riscv32-unknown-elf/15.1.0/../../../../riscv32-unknown-elf/lib/libc.a(libc_a-freer.o)
                0x00021bb4                _free_r
 .text._svfprintf_r
                0x00021de4     0x2120 /opt/riscv32/lib/gcc/riscv32-unknown-elf/15.1.0/../../../../riscv32-unknown-elf/lib/libc.a(libc_a-svfprintf.o)
                0x00021de4                _svfprintf_r
 .text.__ssprint_r
                0x00023f04       0x8e /opt/riscv32/lib/gcc/riscv32-unknown-elf/15.1.0/../../../../riscv32-unknown-elf/lib/libc.a(libc_a-ssprint_r.o)
                0x00023f04                __ssprint_r
 .text._fclose_r
                0x00023f92       0xa8 /opt/riscv32/lib/gcc/riscv32-unknown-elf/15.1.0/../../../../riscv32-unknown-elf/lib/libc.a(libc_a-fclose.o)
                0x00023f92                _fclose_r
 .text.__smakebuf_r
                0x0002403a       0xfe /opt/riscv32/lib/gcc/riscv32-unknown-elf/15.1.0/../../../../riscv32-unknown-elf/lib/libc.a(libc_a-makebuf.o)
                0x0002403a                __smakebuf_r
 .text._fstat_r
                0x00024138       0x3e /opt/riscv32/lib/gcc/riscv32-unknown-elf/15.1.0/../../../../riscv32-unknown-elf/lib/libc.a(libc_a-fstatr.o)
                0x00024138                _fstat_r
 .text._isatty_r
                0x00024176       0x3a /opt/riscv32/lib/gcc/riscv32-unknown-elf/15.1.0/../../../../riscv32-unknown-elf/lib/libc.a(libc_a-isattyr.o)
                0x00024176                _isatty_r
 .text.__libc_fini_array
                0x000241b0       0x38 /opt/riscv32/lib/gcc/riscv32-unknown-elf/15.1.0/../../../../riscv32-unknown-elf/lib/libc.a(libc_a-fini.o)
                0x000241b0                __libc_fini_array
 .text.frexpl   0x000241e8       0xde /opt/riscv32/lib/gcc/riscv32-unknown-elf/15.1.0/../../../../riscv32-unknown-elf/lib/libc.a(libm_a-frexpl.o)
                0x000241e8                frexpl
 .text._ldtoa_r
                0x000242c6      0x192 /opt/riscv32/lib/gcc/riscv32-unknown-elf/15.1.0/../../../../riscv32-unknown-elf/lib/libc.a(libc_a-gdtoa-ldtoa.o)
                0x000242c6                _ldtoa_r
 .text._ldcheck
                0x00024458       0x90 /opt/riscv32/lib/gcc/riscv32-unknown-elf/15.1.0/../../../../riscv32-unknown-elf/lib/libc.a(libc_a-gdtoa-ldtoa.o)
                0x00024458                _ldcheck
 .text.__gdtoa  0x000244e8     0x12b2 /opt/riscv32/lib/gcc/riscv32-unknown-elf/15.1.0/../../../../riscv32-unknown-elf/lib/libc.a(libc_a-gdtoa-gdtoa.o)
                0x000244e8                __gdtoa
 .text.__rv_alloc_D2A.part.0
                0x0002579a       0x1e /opt/riscv32/lib/gcc/riscv32-unknown-elf/15.1.0/../../../../riscv32-unknown-elf/lib/libc.a(libc_a-gdtoa-dmisc.o)
 .text.__rv_alloc_D2A
                0x000257b8       0x40 /opt/riscv32/lib/gcc/riscv32-unknown-elf/15.1.0/../../../../riscv32-unknown-elf/lib/libc.a(libc_a-gdtoa-dmisc.o)
                0x000257b8                __rv_alloc_D2A
 .text.__nrv_alloc_D2A
                0x000257f8       0x6e /opt/riscv32/lib/gcc/riscv32-unknown-elf/15.1.0/../../../../riscv32-unknown-elf/lib/libc.a(libc_a-gdtoa-dmisc.o)
                0x000257f8                __nrv_alloc_D2A
 .text.__freedtoa
                0x00025866        0xe /opt/riscv32/lib/gcc/riscv32-unknown-elf/15.1.0/../../../../riscv32-unknown-elf/lib/libc.a(libc_a-gdtoa-dmisc.o)
                0x00025866                __freedtoa
 .text.__quorem_D2A
                0x00025874      0x16a /opt/riscv32/lib/gcc/riscv32-unknown-elf/15.1.0/../../../../riscv32-unknown-elf/lib/libc.a(libc_a-gdtoa-dmisc.o)
                0x00025874                __quorem_D2A
 .text.__rshift_D2A
                0x000259de       0xa4 /opt/riscv32/lib/gcc/riscv32-unknown-elf/15.1.0/../../../../riscv32-unknown-elf/lib/libc.a(libc_a-gdtoa-gmisc.o)
                0x000259de                __rshift_D2A
 .text.__trailz_D2A
                0x00025a82       0x3e /opt/riscv32/lib/gcc/riscv32-unknown-elf/15.1.0/../../../../riscv32-unknown-elf/lib/libc.a(libc_a-gdtoa-gmisc.o)
                0x00025a82                __trailz_D2A
 .text.__ascii_mbtowc
                0x00025ac0       0x40 /opt/riscv32/lib/gcc/riscv32-unknown-elf/15.1.0/../../../../riscv32-unknown-elf/lib/libc.a(libc_a-mbtowc_r.o)
                0x00025ac0                __ascii_mbtowc
 .text._Balloc  0x00025b00       0x66 /opt/riscv32/lib/gcc/riscv32-unknown-elf/15.1.0/../../../../riscv32-unknown-elf/lib/libc.a(libc_a-mprec.o)
                0x00025b00                _Balloc
 .text._Bfree   0x00025b66       0x12 /opt/riscv32/lib/gcc/riscv32-unknown-elf/15.1.0/../../../../riscv32-unknown-elf/lib/libc.a(libc_a-mprec.o)
                0x00025b66                _Bfree
 .text.__multadd
                0x00025b78       0xf6 /opt/riscv32/lib/gcc/riscv32-unknown-elf/15.1.0/../../../../riscv32-unknown-elf/lib/libc.a(libc_a-mprec.o)
                0x00025b78                __multadd
 .text.__hi0bits
                0x00025c6e       0x68 /opt/riscv32/lib/gcc/riscv32-unknown-elf/15.1.0/../../../../riscv32-unknown-elf/lib/libc.a(libc_a-mprec.o)
                0x00025c6e                __hi0bits
 .text.__lo0bits
                0x00025cd6       0xa8 /opt/riscv32/lib/gcc/riscv32-unknown-elf/15.1.0/../../../../riscv32-unknown-elf/lib/libc.a(libc_a-mprec.o)
                0x00025cd6                __lo0bits
 .text.__i2b    0x00025d7e       0x7c /opt/riscv32/lib/gcc/riscv32-unknown-elf/15.1.0/../../../../riscv32-unknown-elf/lib/libc.a(libc_a-mprec.o)
                0x00025d7e                __i2b
 .text.__multiply
                0x00025dfa      0x1b6 /opt/riscv32/lib/gcc/riscv32-unknown-elf/15.1.0/../../../../riscv32-unknown-elf/lib/libc.a(libc_a-mprec.o)
                0x00025dfa                __multiply
 .text.__pow5mult
                0x00025fb0       0xe8 /opt/riscv32/lib/gcc/riscv32-unknown-elf/15.1.0/../../../../riscv32-unknown-elf/lib/libc.a(libc_a-mprec.o)
                0x00025fb0                __pow5mult
 .text.__lshift
                0x00026098      0x10a /opt/riscv32/lib/gcc/riscv32-unknown-elf/15.1.0/../../../../riscv32-unknown-elf/lib/libc.a(libc_a-mprec.o)
                0x00026098                __lshift
 .text.__mcmp   0x000261a2       0x3a /opt/riscv32/lib/gcc/riscv32-unknown-elf/15.1.0/../../../../riscv32-unknown-elf/lib/libc.a(libc_a-mprec.o)
                0x000261a2                __mcmp
 .text.__mdiff  0x000261dc      0x196 /opt/riscv32/lib/gcc/riscv32-unknown-elf/15.1.0/../../../../riscv32-unknown-elf/lib/libc.a(libc_a-mprec.o)
                0x000261dc                __mdiff
 .text.__b2d    0x00026372       0xd0 /opt/riscv32/lib/gcc/riscv32-unknown-elf/15.1.0/../../../../riscv32-unknown-elf/lib/libc.a(libc_a-mprec.o)
                0x00026372                __b2d
 .text.__ascii_wctomb
                0x00026442       0x20 /opt/riscv32/lib/gcc/riscv32-unknown-elf/15.1.0/../../../../riscv32-unknown-elf/lib/libc.a(libc_a-wctomb_r.o)
                0x00026442                __ascii_wctomb
 .text.__ssputs_r
                0x00026462      0x100 /opt/riscv32/lib/gcc/riscv32-unknown-elf/15.1.0/../../../../riscv32-unknown-elf/lib/libc.a(libc_a-ssputs_r.o)
                0x00026462                __ssputs_r
 .text._calloc_r
                0x00026562       0xa4 /opt/riscv32/lib/gcc/riscv32-unknown-elf/15.1.0/../../../../riscv32-unknown-elf/lib/libc.a(libc_a-callocr.o)
                0x00026562                _calloc_r
 .text.calloc   0x00026606       0x12 /opt/riscv32/lib/gcc/riscv32-unknown-elf/15.1.0/../../../../riscv32-unknown-elf/lib/libc.a(libc_a-calloc.o)
                0x00026606                calloc
 .text          0x00026618      0x30a /opt/riscv32/lib/gcc/riscv32-unknown-elf/15.1.0/libgcc.a(_udivdi3.o)
                0x00026618                __udivdi3
 .text          0x00026922      0x848 /opt/riscv32/lib/gcc/riscv32-unknown-elf/15.1.0/libgcc.a(adddf3.o)
                0x00026922                __adddf3
 .text          0x0002716a      0x65c /opt/riscv32/lib/gcc/riscv32-unknown-elf/15.1.0/libgcc.a(divdf3.o)
                0x0002716a                __divdf3
 .text          0x000277c6       0x96 /opt/riscv32/lib/gcc/riscv32-unknown-elf/15.1.0/libgcc.a(eqdf2.o)
                0x000277c6                __nedf2
                0x000277c6                __eqdf2
 .text          0x0002785c       0xb8 /opt/riscv32/lib/gcc/riscv32-unknown-elf/15.1.0/libgcc.a(gedf2.o)
                0x0002785c                __gtdf2
                0x0002785c                __gedf2
 .text          0x00027914       0xb8 /opt/riscv32/lib/gcc/riscv32-unknown-elf/15.1.0/libgcc.a(ledf2.o)
                0x00027914                __ltdf2
                0x00027914                __ledf2
 .text          0x000279cc      0x586 /opt/riscv32/lib/gcc/riscv32-unknown-elf/15.1.0/libgcc.a(muldf3.o)
                0x000279cc                __muldf3
 .text          0x00027f52      0x85a /opt/riscv32/lib/gcc/riscv32-unknown-elf/15.1.0/libgcc.a(subdf3.o)
                0x00027f52                __subdf3
 .text          0x000287ac       0xba /opt/riscv32/lib/gcc/riscv32-unknown-elf/15.1.0/libgcc.a(fixdfsi.o)
                0x000287ac                __fixdfsi
 .text          0x00028866       0x64 /opt/riscv32/lib/gcc/riscv32-unknown-elf/15.1.0/libgcc.a(floatsidf.o)
                0x00028866                __floatsidf
 .text          0x000288ca      0x112 /opt/riscv32/lib/gcc/riscv32-unknown-elf/15.1.0/libgcc.a(eqtf2.o)
                0x000288ca                __netf2
                0x000288ca                __eqtf2
 .text          0x000289dc       0xf8 /opt/riscv32/lib/gcc/riscv32-unknown-elf/15.1.0/libgcc.a(getf2.o)
                0x000289dc                __gttf2
                0x000289dc                __getf2
 .text          0x00028ad4       0xf8 /opt/riscv32/lib/gcc/riscv32-unknown-elf/15.1.0/libgcc.a(letf2.o)
                0x00028ad4                __letf2
                0x00028ad4                __lttf2
 .text          0x00028bcc      0xbdc /opt/riscv32/lib/gcc/riscv32-unknown-elf/15.1.0/libgcc.a(multf3.o)
                0x00028bcc                __multf3
 .text          0x000297a8     0x1060 /opt/riscv32/lib/gcc/riscv32-unknown-elf/15.1.0/libgcc.a(subtf3.o)
                0x000297a8                __subtf3
 .text          0x0002a808       0xae /opt/riscv32/lib/gcc/riscv32-unknown-elf/15.1.0/libgcc.a(unordtf2.o)
                0x0002a808                __unordtf2
 .text          0x0002a8b6      0x10c /opt/riscv32/lib/gcc/riscv32-unknown-elf/15.1.0/libgcc.a(fixtfsi.o)
                0x0002a8b6                __fixtfsi
 .text          0x0002a9c2       0xca /opt/riscv32/lib/gcc/riscv32-unknown-elf/15.1.0/libgcc.a(floatsitf.o)
                0x0002a9c2                __floatsitf
 .text          0x0002aa8c      0x176 /opt/riscv32/lib/gcc/riscv32-unknown-elf/15.1.0/libgcc.a(extenddftf2.o)
                0x0002aa8c                __extenddftf2
 .text          0x0002ac02     0x21ec /opt/riscv32/lib/gcc/riscv32-unknown-elf/15.1.0/libgcc.a(unwind-dw2.o)
                0x0002ba0e                _Unwind_GetGR
                0x0002c566                _Unwind_GetCFA
                0x0002c56c                _Unwind_SetGR
                0x0002c5c4                _Unwind_GetIP
                0x0002c5ca                _Unwind_GetIPInfo
                0x0002c5d8                _Unwind_SetIP
                0x0002c5de                _Unwind_GetLanguageSpecificData
                0x0002c5e4                _Unwind_GetRegionStart
                0x0002c5ea                _Unwind_FindEnclosingFunction
                0x0002c600                _Unwind_GetDataRelBase
                0x0002c606                _Unwind_GetTextRelBase
                0x0002c60c                __frame_state_for
                0x0002c6c0                _Unwind_RaiseException
                0x0002c834                _Unwind_ForcedUnwind
                0x0002c9de                _Unwind_Resume
                0x0002cb22                _Unwind_Resume_or_Rethrow
                0x0002ccce                _Unwind_DeleteException
                0x0002ccda                _Unwind_Backtrace
 .text          0x0002cdee      0xe7c /opt/riscv32/lib/gcc/riscv32-unknown-elf/15.1.0/libgcc.a(unwind-dw2-fde.o)
                0x0002da88                __register_frame_info_bases
                0x0002daae                __register_frame_info
                0x0002dab4                __register_frame
                0x0002dad4                __register_frame_info_table_bases
                0x0002daf4                __register_frame_info_table
                0x0002dafa                __register_frame_table
                0x0002db14                __deregister_frame_info_bases
                0x0002db94                __deregister_frame_info
                0x0002db96                __deregister_frame
                0x0002dbaa                _Unwind_Find_FDE
 .text          0x0002dc6a       0x3c /opt/riscv32/lib/gcc/riscv32-unknown-elf/15.1.0/libgcc.a(_clzsi2.o)
                0x0002dc6a                __clzsi2
 .text._close   0x0002dca6       0x2a /opt/riscv32/lib/gcc/riscv32-unknown-elf/15.1.0/../../../../riscv32-unknown-elf/lib/libgloss.a(riscv_libgloss_a-sys_close.o)
                0x0002dca6                _close
 .text._fstat   0x0002dcd0       0x3a /opt/riscv32/lib/gcc/riscv32-unknown-elf/15.1.0/../../../../riscv32-unknown-elf/lib/libgloss.a(riscv_libgloss_a-sys_fstat.o)
                0x0002dcd0                _fstat
 .text._getpid  0x0002dd0a        0x4 /opt/riscv32/lib/gcc/riscv32-unknown-elf/15.1.0/../../../../riscv32-unknown-elf/lib/libgloss.a(riscv_libgloss_a-sys_getpid.o)
                0x0002dd0a                _getpid
 .text._isatty  0x0002dd0e       0x24 /opt/riscv32/lib/gcc/riscv32-unknown-elf/15.1.0/../../../../riscv32-unknown-elf/lib/libgloss.a(riscv_libgloss_a-sys_isatty.o)
                0x0002dd0e                _isatty
 .text._kill    0x0002dd32       0x14 /opt/riscv32/lib/gcc/riscv32-unknown-elf/15.1.0/../../../../riscv32-unknown-elf/lib/libgloss.a(riscv_libgloss_a-sys_kill.o)
                0x0002dd32                _kill
 .text._lseek   0x0002dd46       0x2a /opt/riscv32/lib/gcc/riscv32-unknown-elf/15.1.0/../../../../riscv32-unknown-elf/lib/libgloss.a(riscv_libgloss_a-sys_lseek.o)
                0x0002dd46                _lseek
 .text._read    0x0002dd70       0x2a /opt/riscv32/lib/gcc/riscv32-unknown-elf/15.1.0/../../../../riscv32-unknown-elf/lib/libgloss.a(riscv_libgloss_a-sys_read.o)
                0x0002dd70                _read
 .text._conv_stat
                0x0002dd9a       0x6a /opt/riscv32/lib/gcc/riscv32-unknown-elf/15.1.0/../../../../riscv32-unknown-elf/lib/libgloss.a(riscv_libgloss_a-sys_conv_stat.o)
                0x0002dd9a                _conv_stat
 .text          0x0002de04       0x50 /opt/riscv32/lib/gcc/riscv32-unknown-elf/15.1.0/libgcc.a(_floatundisf.o)
                0x0002de04                __floatundisf
 .text          0x0002de54      0x32c /opt/riscv32/lib/gcc/riscv32-unknown-elf/15.1.0/libgcc.a(_divdi3.o)
                0x0002de54                __divdi3
 .text          0x0002e180       0x4c /opt/riscv32/lib/gcc/riscv32-unknown-elf/15.1.0/libgcc.a(floatunsidf.o)
                0x0002e180                __floatunsidf
 .text          0x0002e1cc       0xf8 /opt/riscv32/lib/gcc/riscv32-unknown-elf/15.1.0/libgcc.a(fixdfdi.o)
                0x0002e1cc                __fixdfdi
 .text          0x0002e2c4      0x1a0 /opt/riscv32/lib/gcc/riscv32-unknown-elf/15.1.0/libgcc.a(floatdidf.o)
                0x0002e2c4                __floatdidf
 .text          0x0002e464       0xc0 /opt/riscv32/lib/gcc/riscv32-unknown-elf/15.1.0/libgcc.a(extendsfdf2.o)
                0x0002e464                __extendsfdf2
 .text          0x0002e524      0x21e /opt/riscv32/lib/gcc/riscv32-unknown-elf/15.1.0/libgcc.a(truncdfsf2.o)
                0x0002e524                __truncdfsf2
 .text          0x0002e742       0x2a /opt/riscv32/lib/gcc/riscv32-unknown-elf/15.1.0/libgcc.a(_lshrdi3.o)
                0x0002e742                __lshrdi3
 .text          0x0002e76c       0x2a /opt/riscv32/lib/gcc/riscv32-unknown-elf/15.1.0/libgcc.a(_ashldi3.o)
                0x0002e76c                __ashldi3
                0x0002e796                        _etext = .
                0x0002e798                        . = ALIGN (0x4)
 *fill*         0x0002e796        0x2 

.rodata         0x20000000     0xb514
                0x20000000                        _srodata = .
 *(.rodata*)
 .rodata.str1.4
                0x20000000        0x0 /tmp/ccP8G8tw.ltrans0.ltrans.o
                                0xb69 (size before relaxing)
 .rodata        0x20000000     0x7bc0 /tmp/ccP8G8tw.ltrans0.ltrans.o
 .rodata.str1.4
                0x20007bc0        0x0 /tmp/ccP8G8tw.ltrans1.ltrans.o
                                0xa2d (size before relaxing)
 .rodata        0x20007bc0       0x9c /tmp/ccP8G8tw.ltrans1.ltrans.o
 .rodata._ZTSN9__gnu_cxx20recursive_init_errorE
                0x20007c5c       0x23 /opt/riscv32/lib/gcc/riscv32-unknown-elf/15.1.0/../../../../riscv32-unknown-elf/lib/libstdc++.a(guard_error.o)
                0x20007c5c                typeinfo name for __gnu_cxx::recursive_init_error
 *fill*         0x20007c7f        0x1 
 .rodata._ZTIN9__gnu_cxx20recursive_init_errorE
                0x20007c80        0xc /opt/riscv32/lib/gcc/riscv32-unknown-elf/15.1.0/../../../../riscv32-unknown-elf/lib/libstdc++.a(guard_error.o)
                0x20007c80                typeinfo for __gnu_cxx::recursive_init_error
 .rodata._ZTVN9__gnu_cxx20recursive_init_errorE
                0x20007c8c       0x14 /opt/riscv32/lib/gcc/riscv32-unknown-elf/15.1.0/../../../../riscv32-unknown-elf/lib/libstdc++.a(guard_error.o)
                0x20007c8c                vtable for __gnu_cxx::recursive_init_error
 .rodata._ZTSN10__cxxabiv120__si_class_type_infoE
                0x20007ca0       0x25 /opt/riscv32/lib/gcc/riscv32-unknown-elf/15.1.0/../../../../riscv32-unknown-elf/lib/libstdc++.a(si_class_type_info.o)
                0x20007ca0                typeinfo name for __cxxabiv1::__si_class_type_info
 *fill*         0x20007cc5        0x3 
 .rodata._ZTIN10__cxxabiv120__si_class_type_infoE
                0x20007cc8        0xc /opt/riscv32/lib/gcc/riscv32-unknown-elf/15.1.0/../../../../riscv32-unknown-elf/lib/libstdc++.a(si_class_type_info.o)
                0x20007cc8                typeinfo for __cxxabiv1::__si_class_type_info
 .rodata._ZTVN10__cxxabiv120__si_class_type_infoE
                0x20007cd4       0x2c /opt/riscv32/lib/gcc/riscv32-unknown-elf/15.1.0/../../../../riscv32-unknown-elf/lib/libstdc++.a(si_class_type_info.o)
                0x20007cd4                vtable for __cxxabiv1::__si_class_type_info
 .rodata._ZTSSt9type_info
                0x20007d00        0xd /opt/riscv32/lib/gcc/riscv32-unknown-elf/15.1.0/../../../../riscv32-unknown-elf/lib/libstdc++.a(tinfo.o)
                0x20007d00                typeinfo name for std::type_info
 *fill*         0x20007d0d        0x3 
 .rodata._ZNKSt17bad_function_call4whatEv.str1.4
                0x20007d10     0x20ad /opt/riscv32/lib/gcc/riscv32-unknown-elf/15.1.0/../../../../riscv32-unknown-elf/lib/libstdc++.a(functional.o)
                                 0x12 (size before relaxing)
 *fill*         0x20009dbd        0x3 
 .rodata._ZTSSt17bad_function_call
                0x20009dc0       0x16 /opt/riscv32/lib/gcc/riscv32-unknown-elf/15.1.0/../../../../riscv32-unknown-elf/lib/libstdc++.a(functional.o)
                0x20009dc0                typeinfo name for std::bad_function_call
 *fill*         0x20009dd6        0x2 
 .rodata._ZTISt17bad_function_call
                0x20009dd8        0xc /opt/riscv32/lib/gcc/riscv32-unknown-elf/15.1.0/../../../../riscv32-unknown-elf/lib/libstdc++.a(functional.o)
                0x20009dd8                typeinfo for std::bad_function_call
 .rodata._ZTVSt17bad_function_call
                0x20009de4       0x14 /opt/riscv32/lib/gcc/riscv32-unknown-elf/15.1.0/../../../../riscv32-unknown-elf/lib/libstdc++.a(functional.o)
                0x20009de4                vtable for std::bad_function_call
 .rodata._ZN9__gnu_cxx26__throw_insufficient_spaceEPKcS1_.str1.4
                0x20009df8        0x0 /opt/riscv32/lib/gcc/riscv32-unknown-elf/15.1.0/../../../../riscv32-unknown-elf/lib/libstdc++.a(snprintf_lite.o)
                                 0x69 (size before relaxing)
 .rodata._ZN9__gnu_cxx15__concat_size_tEPcjj.str1.4
                0x20009df8        0x0 /opt/riscv32/lib/gcc/riscv32-unknown-elf/15.1.0/../../../../riscv32-unknown-elf/lib/libstdc++.a(snprintf_lite.o)
                                  0xb (size before relaxing)
 .rodata._ZNSt7__cxx1112basic_stringIcSt11char_traitsIcESaIcEE9_M_createERjj.str1.4
                0x20009df8        0x0 /opt/riscv32/lib/gcc/riscv32-unknown-elf/15.1.0/../../../../riscv32-unknown-elf/lib/libstdc++.a(string-inst.o)
                                 0x18 (size before relaxing)
 .rodata._ZNKSt9bad_alloc4whatEv.str1.4
                0x20009df8        0x0 /opt/riscv32/lib/gcc/riscv32-unknown-elf/15.1.0/../../../../riscv32-unknown-elf/lib/libstdc++.a(bad_alloc.o)
                                  0xf (size before relaxing)
 .rodata._ZTSSt9bad_alloc
                0x20009df8        0xd /opt/riscv32/lib/gcc/riscv32-unknown-elf/15.1.0/../../../../riscv32-unknown-elf/lib/libstdc++.a(bad_alloc.o)
                0x20009df8                typeinfo name for std::bad_alloc
 *fill*         0x20009e05        0x3 
 .rodata._ZTISt9bad_alloc
                0x20009e08        0xc /opt/riscv32/lib/gcc/riscv32-unknown-elf/15.1.0/../../../../riscv32-unknown-elf/lib/libstdc++.a(bad_alloc.o)
                0x20009e08                typeinfo for std::bad_alloc
 .rodata._ZTVSt9bad_alloc
                0x20009e14       0x14 /opt/riscv32/lib/gcc/riscv32-unknown-elf/15.1.0/../../../../riscv32-unknown-elf/lib/libstdc++.a(bad_alloc.o)
                0x20009e14                vtable for std::bad_alloc
 .rodata._ZTSN10__cxxabiv117__class_type_infoE
                0x20009e28       0x22 /opt/riscv32/lib/gcc/riscv32-unknown-elf/15.1.0/../../../../riscv32-unknown-elf/lib/libstdc++.a(class_type_info.o)
                0x20009e28                typeinfo name for __cxxabiv1::__class_type_info
 *fill*         0x20009e4a        0x2 
 .rodata._ZTIN10__cxxabiv117__class_type_infoE
                0x20009e4c        0xc /opt/riscv32/lib/gcc/riscv32-unknown-elf/15.1.0/../../../../riscv32-unknown-elf/lib/libstdc++.a(class_type_info.o)
                0x20009e4c                typeinfo for __cxxabiv1::__class_type_info
 .rodata._ZTVN10__cxxabiv117__class_type_infoE
                0x20009e58       0x2c /opt/riscv32/lib/gcc/riscv32-unknown-elf/15.1.0/../../../../riscv32-unknown-elf/lib/libstdc++.a(class_type_info.o)
                0x20009e58                vtable for __cxxabiv1::__class_type_info
 .rodata._ZNKSt17basic_string_viewIcSt11char_traitsIcEE7compareEjjPKcj.str1.4
                0x20009e84        0x0 /opt/riscv32/lib/gcc/riscv32-unknown-elf/15.1.0/../../../../riscv32-unknown-elf/lib/libstdc++.a(eh_alloc.o)
                                 0x4d (size before relaxing)
 .rodata._GLOBAL__sub_I__ZN9__gnu_cxx9__freeresEv.str1.4
                0x20009e84        0x0 /opt/riscv32/lib/gcc/riscv32-unknown-elf/15.1.0/../../../../riscv32-unknown-elf/lib/libstdc++.a(eh_alloc.o)
                                 0x3a (size before relaxing)
 .rodata._ZNKSt9exception4whatEv.str1.4
                0x20009e84        0x0 /opt/riscv32/lib/gcc/riscv32-unknown-elf/15.1.0/../../../../riscv32-unknown-elf/lib/libstdc++.a(eh_exception.o)
                                  0xf (size before relaxing)
 .rodata._ZTSSt9exception
                0x20009e84        0xd /opt/riscv32/lib/gcc/riscv32-unknown-elf/15.1.0/../../../../riscv32-unknown-elf/lib/libstdc++.a(eh_exception.o)
                0x20009e84                typeinfo name for std::exception
 *fill*         0x20009e91        0x3 
 .rodata._ZTSN10__cxxabiv115__forced_unwindE
                0x20009e94       0x20 /opt/riscv32/lib/gcc/riscv32-unknown-elf/15.1.0/../../../../riscv32-unknown-elf/lib/libstdc++.a(eh_exception.o)
                0x20009e94                typeinfo name for __cxxabiv1::__forced_unwind
 .rodata._ZTSN10__cxxabiv119__foreign_exceptionE
                0x20009eb4       0x24 /opt/riscv32/lib/gcc/riscv32-unknown-elf/15.1.0/../../../../riscv32-unknown-elf/lib/libstdc++.a(eh_exception.o)
                0x20009eb4                typeinfo name for __cxxabiv1::__foreign_exception
 .rodata._ZL28read_encoded_value_with_basehjPKhPj
                0x20009ed8       0x34 /opt/riscv32/lib/gcc/riscv32-unknown-elf/15.1.0/../../../../riscv32-unknown-elf/lib/libstdc++.a(eh_personality.o)
 .rodata._ZN9__gnu_cxx27__verbose_terminate_handlerEv.str1.4
                0x20009f0c        0x0 /opt/riscv32/lib/gcc/riscv32-unknown-elf/15.1.0/../../../../riscv32-unknown-elf/lib/libstdc++.a(vterminate.o)
                                 0x94 (size before relaxing)
 .rodata._ZTSSt11logic_error
                0x20009f0c       0x10 /opt/riscv32/lib/gcc/riscv32-unknown-elf/15.1.0/../../../../riscv32-unknown-elf/lib/libstdc++.a(stdexcept.o)
                0x20009f0c                typeinfo name for std::logic_error
 .rodata._ZTISt11logic_error
                0x20009f1c        0xc /opt/riscv32/lib/gcc/riscv32-unknown-elf/15.1.0/../../../../riscv32-unknown-elf/lib/libstdc++.a(stdexcept.o)
                0x20009f1c                typeinfo for std::logic_error
 .rodata._ZTSSt12length_error
                0x20009f28       0x11 /opt/riscv32/lib/gcc/riscv32-unknown-elf/15.1.0/../../../../riscv32-unknown-elf/lib/libstdc++.a(stdexcept.o)
                0x20009f28                typeinfo name for std::length_error
 *fill*         0x20009f39        0x3 
 .rodata._ZTISt12length_error
                0x20009f3c        0xc /opt/riscv32/lib/gcc/riscv32-unknown-elf/15.1.0/../../../../riscv32-unknown-elf/lib/libstdc++.a(stdexcept.o)
                0x20009f3c                typeinfo for std::length_error
 .rodata._ZTSSt12out_of_range
                0x20009f48       0x11 /opt/riscv32/lib/gcc/riscv32-unknown-elf/15.1.0/../../../../riscv32-unknown-elf/lib/libstdc++.a(stdexcept.o)
                0x20009f48                typeinfo name for std::out_of_range
 *fill*         0x20009f59        0x3 
 .rodata._ZTISt12out_of_range
                0x20009f5c        0xc /opt/riscv32/lib/gcc/riscv32-unknown-elf/15.1.0/../../../../riscv32-unknown-elf/lib/libstdc++.a(stdexcept.o)
                0x20009f5c                typeinfo for std::out_of_range
 .rodata._ZTVSt11logic_error
                0x20009f68       0x14 /opt/riscv32/lib/gcc/riscv32-unknown-elf/15.1.0/../../../../riscv32-unknown-elf/lib/libstdc++.a(stdexcept.o)
                0x20009f68                vtable for std::logic_error
 .rodata._ZTVSt12length_error
                0x20009f7c       0x14 /opt/riscv32/lib/gcc/riscv32-unknown-elf/15.1.0/../../../../riscv32-unknown-elf/lib/libstdc++.a(stdexcept.o)
                0x20009f7c                vtable for std::length_error
 .rodata._ZTVSt12out_of_range
                0x20009f90       0x14 /opt/riscv32/lib/gcc/riscv32-unknown-elf/15.1.0/../../../../riscv32-unknown-elf/lib/libstdc++.a(stdexcept.o)
                0x20009f90                vtable for std::out_of_range
 .rodata._ZNSs4_Rep9_S_createEjjRKSaIcE.str1.4
                0x20009fa4        0x0 /opt/riscv32/lib/gcc/riscv32-unknown-elf/15.1.0/../../../../riscv32-unknown-elf/lib/libstdc++.a(cow-string-inst.o)
                                 0x18 (size before relaxing)
 .rodata._ZNSs12_S_constructIPcEES0_T_S1_RKSaIcESt20forward_iterator_tag.str1.4
                0x20009fa4        0x0 /opt/riscv32/lib/gcc/riscv32-unknown-elf/15.1.0/../../../../riscv32-unknown-elf/lib/libstdc++.a(cow-string-inst.o)
                                 0x2a (size before relaxing)
 .rodata        0x20009fa4      0xc90 /opt/riscv32/lib/gcc/riscv32-unknown-elf/15.1.0/../../../../riscv32-unknown-elf/lib/libstdc++.a(cp-demangle.o)
 .rodata.str1.4
                0x2000ac34        0x0 /opt/riscv32/lib/gcc/riscv32-unknown-elf/15.1.0/../../../../riscv32-unknown-elf/lib/libstdc++.a(cp-demangle.o)
                                0x980 (size before relaxing)
 .rodata.__assert_func.str1.4
                0x2000ac34        0x0 /opt/riscv32/lib/gcc/riscv32-unknown-elf/15.1.0/../../../../riscv32-unknown-elf/lib/libc.a(libc_a-assert.o)
                                 0x43 (size before relaxing)
 .rodata._ctype_
                0x2000ac34      0x101 /opt/riscv32/lib/gcc/riscv32-unknown-elf/15.1.0/../../../../riscv32-unknown-elf/lib/libc.a(libc_a-ctype_.o)
                0x2000ac34                _ctype_
 .rodata._vfiprintf_r.str1.4
                0x2000ad35        0x0 /opt/riscv32/lib/gcc/riscv32-unknown-elf/15.1.0/../../../../riscv32-unknown-elf/lib/libc.a(libc_a-vfiprintf.o)
                                 0x2f (size before relaxing)
 *fill*         0x2000ad35        0x3 
 .rodata._vfiprintf_r
                0x2000ad38      0x16c /opt/riscv32/lib/gcc/riscv32-unknown-elf/15.1.0/../../../../riscv32-unknown-elf/lib/libc.a(libc_a-vfiprintf.o)
 .rodata.zeroes.0
                0x2000aea4       0x10 /opt/riscv32/lib/gcc/riscv32-unknown-elf/15.1.0/../../../../riscv32-unknown-elf/lib/libc.a(libc_a-vfiprintf.o)
 .rodata.blanks.1
                0x2000aeb4       0x10 /opt/riscv32/lib/gcc/riscv32-unknown-elf/15.1.0/../../../../riscv32-unknown-elf/lib/libc.a(libc_a-vfiprintf.o)
 .rodata._svfprintf_r.str1.4
                0x2000aec4        0x0 /opt/riscv32/lib/gcc/riscv32-unknown-elf/15.1.0/../../../../riscv32-unknown-elf/lib/libc.a(libc_a-svfprintf.o)
                                 0x42 (size before relaxing)
 .rodata._svfprintf_r
                0x2000aec4      0x16c /opt/riscv32/lib/gcc/riscv32-unknown-elf/15.1.0/../../../../riscv32-unknown-elf/lib/libc.a(libc_a-svfprintf.o)
 .rodata.zeroes.0
                0x2000b030       0x10 /opt/riscv32/lib/gcc/riscv32-unknown-elf/15.1.0/../../../../riscv32-unknown-elf/lib/libc.a(libc_a-svfprintf.o)
 .rodata.blanks.1
                0x2000b040       0x10 /opt/riscv32/lib/gcc/riscv32-unknown-elf/15.1.0/../../../../riscv32-unknown-elf/lib/libc.a(libc_a-svfprintf.o)
 .rodata._setlocale_r.str1.4
                0x2000b050        0x0 /opt/riscv32/lib/gcc/riscv32-unknown-elf/15.1.0/../../../../riscv32-unknown-elf/lib/libc.a(libc_a-locale.o)
                                  0xd (size before relaxing)
 .rodata.str1.4
                0x2000b050        0x0 /opt/riscv32/lib/gcc/riscv32-unknown-elf/15.1.0/../../../../riscv32-unknown-elf/lib/libc.a(libc_a-locale.o)
                                  0x2 (size before relaxing)
 .rodata        0x2000b050       0x14 /opt/riscv32/lib/gcc/riscv32-unknown-elf/15.1.0/../../../../riscv32-unknown-elf/lib/libc.a(libc_a-gdtoa-ldtoa.o)
 .rodata.__gdtoa.str1.4
                0x2000b064        0x0 /opt/riscv32/lib/gcc/riscv32-unknown-elf/15.1.0/../../../../riscv32-unknown-elf/lib/libc.a(libc_a-gdtoa-gdtoa.o)
                                 0x12 (size before relaxing)
 .rodata.__rv_alloc_D2A.part.0.str1.4
                0x2000b064        0x0 /opt/riscv32/lib/gcc/riscv32-unknown-elf/15.1.0/../../../../riscv32-unknown-elf/lib/libc.a(libc_a-gdtoa-dmisc.o)
                                 0x5f (size before relaxing)
 .rodata.__multadd.str1.4
                0x2000b064        0x0 /opt/riscv32/lib/gcc/riscv32-unknown-elf/15.1.0/../../../../riscv32-unknown-elf/lib/libc.a(libc_a-mprec.o)
                                 0x59 (size before relaxing)
 .rodata.p05.0  0x2000b064        0xc /opt/riscv32/lib/gcc/riscv32-unknown-elf/15.1.0/../../../../riscv32-unknown-elf/lib/libc.a(libc_a-mprec.o)
 .rodata.__mprec_tens
                0x2000b070       0xc8 /opt/riscv32/lib/gcc/riscv32-unknown-elf/15.1.0/../../../../riscv32-unknown-elf/lib/libc.a(libc_a-mprec.o)
                0x2000b070                __mprec_tens
 .rodata        0x2000b138       0x3c /opt/riscv32/lib/gcc/riscv32-unknown-elf/15.1.0/libgcc.a(divdf3.o)
 .rodata        0x2000b174      0x26c /opt/riscv32/lib/gcc/riscv32-unknown-elf/15.1.0/libgcc.a(unwind-dw2.o)
 .rodata        0x2000b3e0       0x34 /opt/riscv32/lib/gcc/riscv32-unknown-elf/15.1.0/libgcc.a(unwind-dw2-fde.o)
 .rodata        0x2000b414      0x100 /opt/riscv32/lib/gcc/riscv32-unknown-elf/15.1.0/libgcc.a(_clz.o)
                0x2000b414                __clz_tab
                0x2000b514                        _erodata = .
                0x2000b514                        . = ALIGN (0x4)

.srodata        0x2000b518      0x3a0
                0x2000b518                        _ssrodata = .
 *(.srodata*)
 .srodata.cst4  0x2000b518       0x84 /tmp/ccP8G8tw.ltrans0.ltrans.o
                                 0x78 (size before relaxing)
 .srodata.cst8  0x2000b59c        0x0 /tmp/ccP8G8tw.ltrans0.ltrans.o
                                 0x50 (size before relaxing)
 .srodata       0x2000b59c      0x208 /tmp/ccP8G8tw.ltrans0.ltrans.o
                0x2000b59c                tflite::kConvBiasTensor
                0x2000b794                tflite::kConvInputTensor
                0x2000b794                tflite::kConvOutputTensor
                0x2000b794                tflite::kAddOutputTensor
                0x2000b798                tflite::kAddInputTensor2
                0x2000b798                tflite::kConvWeightsTensor
 .srodata.cst4  0x2000b7a4        0x0 /tmp/ccP8G8tw.ltrans1.ltrans.o
                                  0xc (size before relaxing)
 .srodata.cst8  0x2000b7a4        0x0 /tmp/ccP8G8tw.ltrans1.ltrans.o
                                 0x30 (size before relaxing)
 .srodata       0x2000b7a4        0x8 /tmp/ccP8G8tw.ltrans1.ltrans.o
 .srodata._ZTISt9type_info
                0x2000b7ac        0x8 /opt/riscv32/lib/gcc/riscv32-unknown-elf/15.1.0/../../../../riscv32-unknown-elf/lib/libstdc++.a(tinfo.o)
                0x2000b7ac                typeinfo for std::type_info
 .srodata._ZTISt9exception
                0x2000b7b4        0x8 /opt/riscv32/lib/gcc/riscv32-unknown-elf/15.1.0/../../../../riscv32-unknown-elf/lib/libstdc++.a(eh_exception.o)
                0x2000b7b4                typeinfo for std::exception
 .srodata._ZTIN10__cxxabiv115__forced_unwindE
                0x2000b7bc        0x8 /opt/riscv32/lib/gcc/riscv32-unknown-elf/15.1.0/../../../../riscv32-unknown-elf/lib/libstdc++.a(eh_exception.o)
                0x2000b7bc                typeinfo for __cxxabiv1::__forced_unwind
 .srodata._ZTIN10__cxxabiv119__foreign_exceptionE
                0x2000b7c4        0x8 /opt/riscv32/lib/gcc/riscv32-unknown-elf/15.1.0/../../../../riscv32-unknown-elf/lib/libstdc++.a(eh_exception.o)
                0x2000b7c4                typeinfo for __cxxabiv1::__foreign_exception
 *fill*         0x2000b7cc        0x4 
 .srodata.cst8  0x2000b7d0       0xe0 /opt/riscv32/lib/gcc/riscv32-unknown-elf/15.1.0/../../../../riscv32-unknown-elf/lib/libstdc++.a(eh_throw.o)
                                  0x8 (size before relaxing)
 .srodata.cst8  0x2000b8b0        0x0 /opt/riscv32/lib/gcc/riscv32-unknown-elf/15.1.0/../../../../riscv32-unknown-elf/lib/libm.a(libm_a-s_floor.o)
                                  0x8 (size before relaxing)
 .srodata.cst8  0x2000b8b0        0x0 /opt/riscv32/lib/gcc/riscv32-unknown-elf/15.1.0/../../../../riscv32-unknown-elf/lib/libm.a(libm_a-s_frexp.o)
                                  0x8 (size before relaxing)
 .srodata.cst8  0x2000b8b0        0x0 /opt/riscv32/lib/gcc/riscv32-unknown-elf/15.1.0/../../../../riscv32-unknown-elf/lib/libc.a(libc_a-gdtoa-gdtoa.o)
                                 0x60 (size before relaxing)
 .srodata       0x2000b8b0        0x8 /opt/riscv32/lib/gcc/riscv32-unknown-elf/15.1.0/libgcc.a(unwind-dw2-fde.o)
 .srodata.cst8  0x2000b8b8        0x0 /opt/riscv32/lib/gcc/riscv32-unknown-elf/15.1.0/libgcc.a(_floatundisf.o)
                                  0x8 (size before relaxing)
 *(.srodata.*)
                0x2000b8b8                        _esrodata = .
                0x2000b8b8                        . = ALIGN (0x4)

.gcc_except_table
                0x2000b8b8       0x90
                0x2000b8b8                        _sgcc_except_table = .
 *(.gcc_except_table)
 *(.gcc_except_table.*)
 .gcc_except_table._ZSt19__throw_logic_errorPKc
                0x2000b8b8        0xc /opt/riscv32/lib/gcc/riscv32-unknown-elf/15.1.0/../../../../riscv32-unknown-elf/lib/libstdc++.a(functexcept.o)
 .gcc_except_table._ZSt20__throw_length_errorPKc
                0x2000b8c4        0xc /opt/riscv32/lib/gcc/riscv32-unknown-elf/15.1.0/../../../../riscv32-unknown-elf/lib/libstdc++.a(functexcept.o)
 .gcc_except_table._ZSt24__throw_out_of_range_fmtPKcz
                0x2000b8d0       0x11 /opt/riscv32/lib/gcc/riscv32-unknown-elf/15.1.0/../../../../riscv32-unknown-elf/lib/libstdc++.a(functexcept.o)
 .gcc_except_table._GLOBAL__sub_I__ZN9__gnu_cxx9__freeresEv
                0x2000b8e1        0x4 /opt/riscv32/lib/gcc/riscv32-unknown-elf/15.1.0/../../../../riscv32-unknown-elf/lib/libstdc++.a(eh_alloc.o)
 *fill*         0x2000b8e5        0x3 
 .gcc_except_table.__gxx_personality_v0
                0x2000b8e8       0x1c /opt/riscv32/lib/gcc/riscv32-unknown-elf/15.1.0/../../../../riscv32-unknown-elf/lib/libstdc++.a(eh_personality.o)
 .gcc_except_table._ZN10__cxxabiv111__terminateEPFvvE
                0x2000b904       0x10 /opt/riscv32/lib/gcc/riscv32-unknown-elf/15.1.0/../../../../riscv32-unknown-elf/lib/libstdc++.a(eh_terminate.o)
 .gcc_except_table._ZN9__gnu_cxx27__verbose_terminate_handlerEv
                0x2000b914       0x28 /opt/riscv32/lib/gcc/riscv32-unknown-elf/15.1.0/../../../../riscv32-unknown-elf/lib/libstdc++.a(vterminate.o)
 .gcc_except_table._ZNSt11logic_errorC2EPKc
                0x2000b93c        0xc /opt/riscv32/lib/gcc/riscv32-unknown-elf/15.1.0/../../../../riscv32-unknown-elf/lib/libstdc++.a(cow-stdexcept.o)
                0x2000b948                        _egcc_except_table = .
                0x2000b948                        . = ALIGN (0x4)

.rela.dyn       0x2000b948        0x0
 .rela.text     0x2000b948        0x0 build/./start.o
 .rela.text.__cxa_guard_acquire
                0x2000b948        0x0 build/./start.o
 .rela.text._ZN9__gnu_cxx20recursive_init_errorD2Ev
                0x2000b948        0x0 build/./start.o
 .rela.text._ZN9__gnu_cxx20recursive_init_errorC2Ev
                0x2000b948        0x0 build/./start.o
 .rela.rodata._ZTIN9__gnu_cxx20recursive_init_errorE
                0x2000b948        0x0 build/./start.o
 .rela.rodata._ZTVN9__gnu_cxx20recursive_init_errorE
                0x2000b948        0x0 build/./start.o
 .rela.text._Znwj
                0x2000b948        0x0 build/./start.o
 .rela.text._ZN10__cxxabiv120__si_class_type_infoD2Ev
                0x2000b948        0x0 build/./start.o
 .rela.rodata._ZTIN10__cxxabiv120__si_class_type_infoE
                0x2000b948        0x0 build/./start.o
 .rela.rodata._ZTVN10__cxxabiv120__si_class_type_infoE
                0x2000b948        0x0 build/./start.o
 .rela.srodata._ZTISt9type_info
                0x2000b948        0x0 build/./start.o
 .rela.text.unlikely._ZSt17__throw_bad_allocv
                0x2000b948        0x0 build/./start.o
 .rela.text.unlikely._ZSt19__throw_logic_errorPKc
                0x2000b948        0x0 build/./start.o
 .rela.text.unlikely._ZSt20__throw_length_errorPKc
                0x2000b948        0x0 build/./start.o
 .rela.text.unlikely._ZSt24__throw_out_of_range_fmtPKcz
                0x2000b948        0x0 build/./start.o
 .rela.text._ZNSt17bad_function_callD2Ev
                0x2000b948        0x0 build/./start.o
 .rela.text.unlikely._ZSt25__throw_bad_function_callv
                0x2000b948        0x0 build/./start.o
 .rela.rodata._ZTISt17bad_function_call
                0x2000b948        0x0 build/./start.o
 .rela.rodata._ZTVSt17bad_function_call
                0x2000b948        0x0 build/./start.o
 .rela.text._ZNSt9bad_allocD2Ev
                0x2000b948        0x0 build/./start.o
 .rela.rodata._ZTISt9bad_alloc
                0x2000b948        0x0 build/./start.o
 .rela.rodata._ZTVSt9bad_alloc
                0x2000b948        0x0 build/./start.o
 .rela.text._ZN10__cxxabiv117__class_type_infoD2Ev
                0x2000b948        0x0 build/./start.o
 .rela.rodata._ZTIN10__cxxabiv117__class_type_infoE
                0x2000b948        0x0 build/./start.o
 .rela.rodata._ZTVN10__cxxabiv117__class_type_infoE
                0x2000b948        0x0 build/./start.o
 .rela.srodata._ZTISt9exception
                0x2000b948        0x0 build/./start.o
 .rela.srodata._ZTIN10__cxxabiv115__forced_unwindE
                0x2000b948        0x0 build/./start.o
 .rela.srodata._ZTIN10__cxxabiv119__foreign_exceptionE
                0x2000b948        0x0 build/./start.o
 .rela.text.__gxx_personality_v0
                0x2000b948        0x0 build/./start.o
 .rela.sdata.DW.ref._ZTISt9exception
                0x2000b948        0x0 build/./start.o
 .rela.text._ZNSt11logic_errorD2Ev
                0x2000b948        0x0 build/./start.o
 .rela.text._ZNSt12length_errorD2Ev
                0x2000b948        0x0 build/./start.o
 .rela.text._ZNSt12out_of_rangeD2Ev
                0x2000b948        0x0 build/./start.o
 .rela.rodata._ZTISt11logic_error
                0x2000b948        0x0 build/./start.o
 .rela.rodata._ZTISt12length_error
                0x2000b948        0x0 build/./start.o
 .rela.rodata._ZTISt12out_of_range
                0x2000b948        0x0 build/./start.o
 .rela.rodata._ZTVSt11logic_error
                0x2000b948        0x0 build/./start.o
 .rela.rodata._ZTVSt12length_error
                0x2000b948        0x0 build/./start.o
 .rela.rodata._ZTVSt12out_of_range
                0x2000b948        0x0 build/./start.o
 .rela.text._ZNSt11logic_errorC2EPKc
                0x2000b948        0x0 build/./start.o
 .rela.text._ZNSt12length_errorC2EPKc
                0x2000b948        0x0 build/./start.o
 .rela.text._ZNSt12out_of_rangeC2EPKc
                0x2000b948        0x0 build/./start.o
 .rela.text._ZNSs4_Rep26_M_set_length_and_sharableEj
                0x2000b948        0x0 build/./start.o
 .rela.text._ZNSs4_Rep10_M_disposeERKSaIcE
                0x2000b948        0x0 build/./start.o
 .rela.text._ZNSs12_S_constructIPKcEEPcT_S3_RKSaIcESt20forward_iterator_tag
                0x2000b948        0x0 build/./start.o
 .rela.text.__libc_init_array
                0x2000b948        0x0 build/./start.o
 .rela.text.startup.register_fini
                0x2000b948        0x0 build/./start.o
 .rela.text.__libc_fini_array
                0x2000b948        0x0 build/./start.o

.data           0x2000b948     0x23a8 load address 0x10000000
                0x2000b948                        _sdata = .
 *(.data*)
 .data          0x2000b948     0x1bfc /tmp/ccP8G8tw.ltrans0.ltrans.o
                0x2000b948                _ZN12_GLOBAL__N_1L10tensorDataE.lto_priv.0
 .data          0x2000d544       0xd8 /tmp/ccP8G8tw.ltrans1.ltrans.o
 .data.__malloc_av_
                0x2000d61c      0x408 /opt/riscv32/lib/gcc/riscv32-unknown-elf/15.1.0/../../../../riscv32-unknown-elf/lib/libc.a(libc_a-mallocr.o)
                0x2000d61c                __malloc_av_
 .data.__sglue  0x2000da24        0xc /opt/riscv32/lib/gcc/riscv32-unknown-elf/15.1.0/../../../../riscv32-unknown-elf/lib/libc.a(libc_a-findfp.o)
                0x2000da24                __sglue
 .data._impure_data
                0x2000da30      0x120 /opt/riscv32/lib/gcc/riscv32-unknown-elf/15.1.0/../../../../riscv32-unknown-elf/lib/libc.a(libc_a-impure.o)
                0x2000da30                _impure_data
 .data.__global_locale
                0x2000db50      0x16c /opt/riscv32/lib/gcc/riscv32-unknown-elf/15.1.0/../../../../riscv32-unknown-elf/lib/libc.a(libc_a-locale.o)
                0x2000db50                __global_locale
 *(.sdata*)
 .sdata         0x2000dcbc        0x4 /tmp/ccP8G8tw.ltrans0.ltrans.o
 .sdata         0x2000dcc0       0x10 /tmp/ccP8G8tw.ltrans1.ltrans.o
 .sdata.DW.ref.__gxx_personality_v0
                0x2000dcd0        0x4 /opt/riscv32/lib/gcc/riscv32-unknown-elf/15.1.0/../../../../riscv32-unknown-elf/lib/libstdc++.a(functexcept.o)
                0x2000dcd0                DW.ref.__gxx_personality_v0
 .sdata._ZN10__cxxabiv120__unexpected_handlerE
                0x2000dcd4        0x4 /opt/riscv32/lib/gcc/riscv32-unknown-elf/15.1.0/../../../../riscv32-unknown-elf/lib/libstdc++.a(eh_unex_handler.o)
                0x2000dcd4                __cxxabiv1::__unexpected_handler
 .sdata.DW.ref._ZTISt9exception
                0x2000dcd8        0x4 /opt/riscv32/lib/gcc/riscv32-unknown-elf/15.1.0/../../../../riscv32-unknown-elf/lib/libstdc++.a(vterminate.o)
                0x2000dcd8                DW.ref._ZTISt9exception
 .sdata._ZN10__cxxabiv119__terminate_handlerE
                0x2000dcdc        0x4 /opt/riscv32/lib/gcc/riscv32-unknown-elf/15.1.0/../../../../riscv32-unknown-elf/lib/libstdc++.a(eh_term_handler.o)
                0x2000dcdc                __cxxabiv1::__terminate_handler
 .sdata.__malloc_sbrk_base
                0x2000dce0        0x4 /opt/riscv32/lib/gcc/riscv32-unknown-elf/15.1.0/../../../../riscv32-unknown-elf/lib/libc.a(libc_a-mallocr.o)
                0x2000dce0                __malloc_sbrk_base
 .sdata.__malloc_trim_threshold
                0x2000dce4        0x4 /opt/riscv32/lib/gcc/riscv32-unknown-elf/15.1.0/../../../../riscv32-unknown-elf/lib/libc.a(libc_a-mallocr.o)
                0x2000dce4                __malloc_trim_threshold
 .sdata._impure_ptr
                0x2000dce8        0x4 /opt/riscv32/lib/gcc/riscv32-unknown-elf/15.1.0/../../../../riscv32-unknown-elf/lib/libc.a(libc_a-impure.o)
                0x2000dce8                _impure_ptr
 .sdata.environ
                0x2000dcec        0x4 /opt/riscv32/lib/gcc/riscv32-unknown-elf/15.1.0/../../../../riscv32-unknown-elf/lib/libc.a(libc_a-environ.o)
                0x2000dcec                environ
 *(.sdata2*)
                0x2000dcf0                        _edata = .
                0x2000dcf0                        . = ALIGN (0x4)

.bss            0x2000dcf0      0x730
                0x2000dcf0                        _sbss = .
 *(.bss*)
 .bss           0x2000dcf0      0x314 /tmp/ccP8G8tw.ltrans0.ltrans.o
                0x2000dfbc                impulse_handle_863014_1
 .bss._ZN12_GLOBAL__N_1L14emergency_poolE
                0x2000e004       0x10 /opt/riscv32/lib/gcc/riscv32-unknown-elf/15.1.0/../../../../riscv32-unknown-elf/lib/libstdc++.a(eh_alloc.o)
 .bss._ZNSs4_Rep20_S_empty_rep_storageE
                0x2000e014       0x10 /opt/riscv32/lib/gcc/riscv32-unknown-elf/15.1.0/../../../../riscv32-unknown-elf/lib/libstdc++.a(cow-string-inst.o)
                0x2000e014                std::string::_Rep::_S_empty_rep_storage
 .bss.__malloc_current_mallinfo
                0x2000e024       0x28 /opt/riscv32/lib/gcc/riscv32-unknown-elf/15.1.0/../../../../riscv32-unknown-elf/lib/libc.a(libc_a-mallocr.o)
                0x2000e024                __malloc_current_mallinfo
 .bss.__sf      0x2000e04c      0x138 /opt/riscv32/lib/gcc/riscv32-unknown-elf/15.1.0/../../../../riscv32-unknown-elf/lib/libc.a(libc_a-findfp.o)
                0x2000e04c                __sf
 .bss.__atexit0
                0x2000e184      0x190 /opt/riscv32/lib/gcc/riscv32-unknown-elf/15.1.0/../../../../riscv32-unknown-elf/lib/libc.a(libc_a-__atexit.o)
                0x2000e184                __atexit0
 .bss           0x2000e314       0x82 /opt/riscv32/lib/gcc/riscv32-unknown-elf/15.1.0/libgcc.a(unwind-dw2.o)
 *(.sbss*)
 *fill*         0x2000e396        0x2 
 .sbss          0x2000e398       0x50 /tmp/ccP8G8tw.ltrans0.ltrans.o
                0x2000e3ac                _ZN12_GLOBAL__N_1L12tensor_arenaE.lto_priv.0